Component: ARM Compiler 5.06 update 6 (build 750) Tool: armlink [4d35ed]

==============================================================================

Section Cross References

    startup_stm32f103xb.o(RESET) refers to startup_stm32f103xb.o(STACK) for __initial_sp
    startup_stm32f103xb.o(RESET) refers to startup_stm32f103xb.o(.text) for Reset_Handler
    startup_stm32f103xb.o(RESET) refers to stm32f1xx_it.o(i.NMI_Handler) for NMI_Handler
    startup_stm32f103xb.o(RESET) refers to stm32f1xx_it.o(i.HardFault_Handler) for HardFault_Handler
    startup_stm32f103xb.o(RESET) refers to stm32f1xx_it.o(i.MemManage_Handler) for MemManage_Handler
    startup_stm32f103xb.o(RESET) refers to stm32f1xx_it.o(i.BusFault_Handler) for BusFault_Handler
    startup_stm32f103xb.o(RESET) refers to stm32f1xx_it.o(i.UsageFault_Handler) for UsageFault_Handler
    startup_stm32f103xb.o(RESET) refers to port.o(.emb_text) for SVC_Handler
    startup_stm32f103xb.o(RESET) refers to stm32f1xx_it.o(i.DebugMon_Handler) for DebugMon_Handler
    startup_stm32f103xb.o(RESET) refers to port.o(i.SysTick_Handler) for SysTick_Handler
    startup_stm32f103xb.o(RESET) refers to stm32f1xx_it.o(i.DMA1_Channel1_IRQHandler) for DMA1_Channel1_IRQHandler
    startup_stm32f103xb.o(RESET) refers to stm32f1xx_it.o(i.ADC1_2_IRQHandler) for ADC1_2_IRQHandler
    startup_stm32f103xb.o(RESET) refers to stm32f1xx_it.o(i.TIM1_UP_IRQHandler) for TIM1_UP_IRQHandler
    startup_stm32f103xb.o(RESET) refers to stm32f1xx_it.o(i.USART1_IRQHandler) for USART1_IRQHandler
    startup_stm32f103xb.o(.text) refers to system_stm32f1xx.o(i.SystemInit) for SystemInit
    startup_stm32f103xb.o(.text) refers to entry.o(.ARM.Collect$$$$00000000) for __main
    dgus.o(i.dgus_cmmand_match) refers to stm32f1xx_hal_gpio.o(i.HAL_GPIO_WritePin) for HAL_GPIO_WritePin
    dgus.o(i.dgus_init) refers to usart.o(i.USART_Initialization) for USART_Initialization
    dgus.o(i.dgus_poll) refers to usart.o(i.Get_USART_RX_Buffer_Data_Num) for Get_USART_RX_Buffer_Data_Num
    dgus.o(i.dgus_poll) refers to usart.o(i.Get_USART_RX_Buffer_Data) for Get_USART_RX_Buffer_Data
    dgus.o(i.dgus_poll) refers to dgus.o(i.dgus_cmmand_match) for dgus_cmmand_match
    dgus.o(i.dgus_write_var) refers to usart.o(i.USART1_TX_Dat) for USART1_TX_Dat
    dgus.o(i.dgus_write_var) refers to dgus.o(.data) for .data
    ringbuffer.o(i.clear_ringBuffer) refers to memseta.o(.text) for __aeabi_memclr
    ringbuffer.o(i.read_ringBuffer) refers to memcpya.o(.text) for __aeabi_memcpy
    ringbuffer.o(i.write_ringBuffer) refers to memcpya.o(.text) for __aeabi_memcpy
    usart.o(i.Get_USART_RX_Buffer_Data) refers to ringbuffer.o(i.read_ringBuffer) for read_ringBuffer
    usart.o(i.Get_USART_RX_Buffer_Data) refers to usart.o(.data) for .data
    usart.o(i.Get_USART_RX_Buffer_Data_Num) refers to ringbuffer.o(i.get_ringBuffer_btoRead) for get_ringBuffer_btoRead
    usart.o(i.Get_USART_RX_Buffer_Data_Num) refers to usart.o(.data) for .data
    usart.o(i.HAL_UART_RxCpltCallback) refers to ringbuffer.o(i.write_ringBuffer) for write_ringBuffer
    usart.o(i.HAL_UART_RxCpltCallback) refers to stm32f1xx_hal_uart.o(i.HAL_UART_Receive_IT) for HAL_UART_Receive_IT
    usart.o(i.HAL_UART_RxCpltCallback) refers to usart.o(.data) for .data
    usart.o(i.HAL_UART_TxCpltCallback) refers to ringbuffer.o(i.get_ringBuffer_btoRead) for get_ringBuffer_btoRead
    usart.o(i.HAL_UART_TxCpltCallback) refers to ringbuffer.o(i.read_ringBuffer) for read_ringBuffer
    usart.o(i.HAL_UART_TxCpltCallback) refers to stm32f1xx_hal_uart.o(i.HAL_UART_Transmit_IT) for HAL_UART_Transmit_IT
    usart.o(i.HAL_UART_TxCpltCallback) refers to usart.o(.data) for .data
    usart.o(i.USART1_TX_Dat) refers to stm32f1xx_hal_uart.o(i.HAL_UART_Transmit_IT) for HAL_UART_Transmit_IT
    usart.o(i.USART1_TX_Dat) refers to ringbuffer.o(i.write_ringBuffer) for write_ringBuffer
    usart.o(i.USART1_TX_Dat) refers to usart.o(.data) for .data
    usart.o(i.USART_Initialization) refers to ringbuffer.o(i.create_ringBuffer) for create_ringBuffer
    usart.o(i.USART_Initialization) refers to ringbuffer.o(i.clear_ringBuffer) for clear_ringBuffer
    usart.o(i.USART_Initialization) refers to stm32f1xx_hal_uart.o(i.HAL_UART_Receive_IT) for HAL_UART_Receive_IT
    usart.o(i.USART_Initialization) refers to usart.o(.bss) for .bss
    usart.o(i.USART_Initialization) refers to usart.o(.data) for .data
    senor_1.o(i.HAL_ADC_ConvCpltCallback) refers to stm32f1xx_hal_adc.o(i.HAL_ADC_Start_DMA) for HAL_ADC_Start_DMA
    senor_1.o(i.HAL_ADC_ConvCpltCallback) refers to senor_1.o(.bss) for .bss
    senor_1.o(i.HAL_ADC_ConvCpltCallback) refers to senor_1.o(.data) for .data
    senor_1.o(i.get_senor_adc) refers to senor_1.o(.data) for .data
    senor_1.o(i.get_senor_batvoltage_rt_value) refers to ffltui.o(.text) for __aeabi_ui2f
    senor_1.o(i.get_senor_batvoltage_rt_value) refers to f2d.o(.text) for __aeabi_f2d
[...]
    Removing stm32f1xx_hal_cortex.o(i.HAL_NVIC_SetPendingIRQ), (22 bytes).
    Removing stm32f1xx_hal_cortex.o(i.HAL_NVIC_SystemReset), (36 bytes).
    Removing stm32f1xx_hal_cortex.o(i.HAL_SYSTICK_CLKSourceConfig), (24 bytes).
    Removing stm32f1xx_hal_cortex.o(i.HAL_SYSTICK_Callback), (2 bytes).
    Removing stm32f1xx_hal_cortex.o(i.HAL_SYSTICK_Config), (40 bytes).
    Removing stm32f1xx_hal_cortex.o(i.HAL_SYSTICK_IRQHandler), (8 bytes).
    Removing stm32f1xx_hal_pwr.o(.rev16_text), (4 bytes).
    Removing stm32f1xx_hal_pwr.o(.revsh_text), (4 bytes).
    Removing stm32f1xx_hal_pwr.o(.rrx_text), (6 bytes).
    Removing stm32f1xx_hal_pwr.o(i.HAL_PWR_ConfigPVD), (124 bytes).
    Removing stm32f1xx_hal_pwr.o(i.HAL_PWR_DeInit), (24 bytes).
    Removing stm32f1xx_hal_pwr.o(i.HAL_PWR_DisableBkUpAccess), (12 bytes).
    Removing stm32f1xx_hal_pwr.o(i.HAL_PWR_DisablePVD), (12 bytes).
    Removing stm32f1xx_hal_pwr.o(i.HAL_PWR_DisableSEVOnPend), (16 bytes).
    Removing stm32f1xx_hal_pwr.o(i.HAL_PWR_DisableSleepOnExit), (16 bytes).
    Removing stm32f1xx_hal_pwr.o(i.HAL_PWR_DisableWakeUpPin), (28 bytes).
    Removing stm32f1xx_hal_pwr.o(i.HAL_PWR_EnableBkUpAccess), (12 bytes).
    Removing stm32f1xx_hal_pwr.o(i.HAL_PWR_EnablePVD), (12 bytes).
    Removing stm32f1xx_hal_pwr.o(i.HAL_PWR_EnableSEVOnPend), (16 bytes).
    Removing stm32f1xx_hal_pwr.o(i.HAL_PWR_EnableSleepOnExit), (16 bytes).
    Removing stm32f1xx_hal_pwr.o(i.HAL_PWR_EnableWakeUpPin), (28 bytes).
    Removing stm32f1xx_hal_pwr.o(i.HAL_PWR_EnterSLEEPMode), (32 bytes).
    Removing stm32f1xx_hal_pwr.o(i.HAL_PWR_EnterSTANDBYMode), (32 bytes).
    Removing stm32f1xx_hal_pwr.o(i.HAL_PWR_EnterSTOPMode), (68 bytes).
    Removing stm32f1xx_hal_pwr.o(i.HAL_PWR_PVDCallback), (2 bytes).
    Removing stm32f1xx_hal_pwr.o(i.HAL_PWR_PVD_IRQHandler), (28 bytes).
    Removing stm32f1xx_hal_pwr.o(i.PWR_OverloadWfe), (6 bytes).
    Removing stm32f1xx_hal_flash.o(.rev16_text), (4 bytes).
    Removing stm32f1xx_hal_flash.o(.revsh_text), (4 bytes).
    Removing stm32f1xx_hal_flash.o(.rrx_text), (6 bytes).
    Removing stm32f1xx_hal_flash.o(i.FLASH_Program_HalfWord), (28 bytes).
    Removing stm32f1xx_hal_flash.o(i.FLASH_SetErrorCode), (92 bytes).
    Removing stm32f1xx_hal_flash.o(i.FLASH_WaitForLastOperation), (84 bytes).
    Removing stm32f1xx_hal_flash.o(i.HAL_FLASH_EndOfOperationCallback), (2 bytes).
    Removing stm32f1xx_hal_flash.o(i.HAL_FLASH_GetError), (12 bytes).
    Removing stm32f1xx_hal_flash.o(i.HAL_FLASH_IRQHandler), (264 bytes).
    Removing stm32f1xx_hal_flash.o(i.HAL_FLASH_Lock), (20 bytes).
    Removing stm32f1xx_hal_flash.o(i.HAL_FLASH_OB_Launch), (4 bytes).
    Removing stm32f1xx_hal_flash.o(i.HAL_FLASH_OB_Lock), (20 bytes).
    Removing stm32f1xx_hal_flash.o(i.HAL_FLASH_OB_Unlock), (36 bytes).
    Removing stm32f1xx_hal_flash.o(i.HAL_FLASH_OperationErrorCallback), (2 bytes).
    Removing stm32f1xx_hal_flash.o(i.HAL_FLASH_Program), (128 bytes).
    Removing stm32f1xx_hal_flash.o(i.HAL_FLASH_Program_IT), (100 bytes).
    Removing stm32f1xx_hal_flash.o(i.HAL_FLASH_Unlock), (40 bytes).
    Removing stm32f1xx_hal_flash.o(.bss), (32 bytes).
    Removing stm32f1xx_hal_flash_ex.o(.rev16_text), (4 bytes).
    Removing stm32f1xx_hal_flash_ex.o(.revsh_text), (4 bytes).
    Removing stm32f1xx_hal_flash_ex.o(.rrx_text), (6 bytes).
    Removing stm32f1xx_hal_flash_ex.o(i.FLASH_MassErase), (36 bytes).
    Removing stm32f1xx_hal_flash_ex.o(i.FLASH_OB_DisableWRP), (176 bytes).
    Removing stm32f1xx_hal_flash_ex.o(i.FLASH_OB_EnableWRP), (176 bytes).
    Removing stm32f1xx_hal_flash_ex.o(i.FLASH_OB_GetRDP), (24 bytes).
    Removing stm32f1xx_hal_flash_ex.o(i.FLASH_OB_RDP_LevelConfig), (100 bytes).
    Removing stm32f1xx_hal_flash_ex.o(i.FLASH_PageErase), (36 bytes).
    Removing stm32f1xx_hal_flash_ex.o(i.HAL_FLASHEx_Erase), (168 bytes).
    Removing stm32f1xx_hal_flash_ex.o(i.HAL_FLASHEx_Erase_IT), (84 bytes).
    Removing stm32f1xx_hal_flash_ex.o(i.HAL_FLASHEx_OBErase), (84 bytes).
    Removing stm32f1xx_hal_flash_ex.o(i.HAL_FLASHEx_OBGetConfig), (36 bytes).
    Removing stm32f1xx_hal_flash_ex.o(i.HAL_FLASHEx_OBGetUserData), (32 bytes).
    Removing stm32f1xx_hal_flash_ex.o(i.HAL_FLASHEx_OBProgram), (200 bytes).
    Removing system_stm32f1xx.o(.rev16_text), (4 bytes).
    Removing system_stm32f1xx.o(.revsh_text), (4 bytes).
    Removing system_stm32f1xx.o(.rrx_text), (6 bytes).
    Removing system_stm32f1xx.o(i.SystemCoreClockUpdate), (104 bytes).
    Removing event_groups.o(i.prvTestWaitCondition), (20 bytes).
    Removing event_groups.o(i.vEventGroupClearBitsCallback), (4 bytes).
    Removing event_groups.o(i.vEventGroupDelete), (70 bytes).
    Removing event_groups.o(i.vEventGroupSetBitsCallback), (4 bytes).
    Removing event_groups.o(i.xEventGroupClearBits), (64 bytes).
    Removing event_groups.o(i.xEventGroupCreate), (26 bytes).
    Removing event_groups.o(i.xEventGroupGetBitsFromISR), (26 bytes).
    Removing event_groups.o(i.xEventGroupSetBits), (140 bytes).
    Removing event_groups.o(i.xEventGroupSync), (204 bytes).
    Removing event_groups.o(i.xEventGroupWaitBits), (264 bytes).
    Removing queue.o(i.pcQueueGetName), (40 bytes).
    Removing queue.o(i.prvCopyDataFromQueue), (38 bytes).
    Removing queue.o(i.prvCopyDataToQueue), (108 bytes).
    Removing queue.o(i.prvIsQueueEmpty), (28 bytes).
    Removing queue.o(i.prvUnlockQueue), (106 bytes).
    Removing queue.o(i.uxQueueMessagesWaiting), (36 bytes).
    Removing queue.o(i.uxQueueMessagesWaitingFromISR), (22 bytes).
    Removing queue.o(i.uxQueueSpacesAvailable), (40 bytes).
    Removing queue.o(i.vQueueAddToRegistry), (40 bytes).
    Removing queue.o(i.vQueueDelete), (36 bytes).
    Removing queue.o(i.vQueueUnregisterQueue), (40 bytes).
    Removing queue.o(i.xQueueCreateMutex), (36 bytes).
    Removing queue.o(i.xQueueGenericCreate), (72 bytes).
    Removing queue.o(i.xQueueGenericReceive), (364 bytes).
    Removing queue.o(i.xQueueGenericReset), (136 bytes).
    Removing queue.o(i.xQueueGenericSend), (352 bytes).
    Removing queue.o(i.xQueueGenericSendFromISR), (188 bytes).
    Removing queue.o(i.xQueueGiveFromISR), (156 bytes).
    Removing queue.o(i.xQueueIsQueueEmptyFromISR), (30 bytes).
    Removing queue.o(i.xQueueIsQueueFullFromISR), (34 bytes).
    Removing queue.o(i.xQueuePeekFromISR), (116 bytes).
    Removing queue.o(i.xQueueReceiveFromISR), (154 bytes).
    Removing queue.o(.bss), (64 bytes).
    Removing tasks.o(i.pcTaskGetName), (32 bytes).
    Removing tasks.o(i.prvTaskIsTaskSuspended), (52 bytes).
    Removing tasks.o(i.pvTaskIncrementMutexHeldCount), (24 bytes).
    Removing tasks.o(i.ulTaskNotifyTake), (104 bytes).
    Removing tasks.o(i.uxTaskGetNumberOfTasks), (12 bytes).
    Removing tasks.o(i.uxTaskPriorityGet), (28 bytes).
    Removing tasks.o(i.uxTaskPriorityGetFromISR), (44 bytes).
    Removing tasks.o(i.uxTaskResetEventItemValue), (24 bytes).
    Removing tasks.o(i.vTaskEndScheduler), (28 bytes).
    Removing tasks.o(i.vTaskMissedYield), (12 bytes).
    Removing tasks.o(i.vTaskNotifyGiveFromISR), (184 bytes).
    Removing tasks.o(i.vTaskPlaceOnEventList), (48 bytes).
    Removing tasks.o(i.vTaskPlaceOnUnorderedEventList), (80 bytes).
    Removing tasks.o(i.vTaskPriorityInherit), (132 bytes).
    Removing tasks.o(i.vTaskPrioritySet), (196 bytes).
    Removing tasks.o(i.vTaskResume), (124 bytes).
    Removing tasks.o(i.vTaskSetTimeOutState), (36 bytes).
    Removing tasks.o(i.vTaskSuspend), (176 bytes).
    Removing tasks.o(i.xTaskCheckForTimeOut), (108 bytes).
    Removing tasks.o(i.xTaskGenericNotify), (204 bytes).
    Removing tasks.o(i.xTaskGenericNotifyFromISR), (240 bytes).
    Removing tasks.o(i.xTaskGetCurrentTaskHandle), (12 bytes).
    Removing tasks.o(i.xTaskGetSchedulerState), (28 bytes).
    Removing tasks.o(i.xTaskGetTickCount), (12 bytes).
    Removing tasks.o(i.xTaskGetTickCountFromISR), (16 bytes).
    Removing tasks.o(i.xTaskNotifyStateClear), (52 bytes).
    Removing tasks.o(i.xTaskNotifyWait), (140 bytes).
    Removing tasks.o(i.xTaskPriorityDisinherit), (152 bytes).
    Removing tasks.o(i.xTaskRemoveFromEventList), (116 bytes).
    Removing tasks.o(i.xTaskRemoveFromUnorderedEventList), (120 bytes).
    Removing tasks.o(i.xTaskResumeFromISR), (136 bytes).
    Removing cmsis_os.o(.rev16_text), (4 bytes).
    Removing cmsis_os.o(.revsh_text), (4 bytes).
    Removing cmsis_os.o(i.inHandlerMode), (12 bytes).
    Removing cmsis_os.o(i.makeCmsisPriority), (14 bytes).
    Removing cmsis_os.o(i.osAbortDelay), (4 bytes).
    Removing cmsis_os.o(i.osDelayUntil), (4 bytes).
    Removing cmsis_os.o(i.osKernelRunning), (18 bytes).
    Removing cmsis_os.o(i.osKernelSysTick), (24 bytes).
    Removing cmsis_os.o(i.osMailAlloc), (12 bytes).
    Removing cmsis_os.o(i.osMailCAlloc), (32 bytes).
    Removing cmsis_os.o(i.osMailCreate), (92 bytes).
    Removing cmsis_os.o(i.osMailFree), (12 bytes).
    Removing cmsis_os.o(i.osMailGet), (148 bytes).
    Removing cmsis_os.o(i.osMailPut), (92 bytes).
    Removing cmsis_os.o(i.osMessageAvailableSpace), (4 bytes).
    Removing cmsis_os.o(i.osMessageCreate), (8 bytes).
    Removing cmsis_os.o(i.osMessageDelete), (24 bytes).
    Removing cmsis_os.o(i.osMessageGet), (152 bytes).
    Removing cmsis_os.o(i.osMessagePeek), (78 bytes).
    Removing cmsis_os.o(i.osMessagePut), (92 bytes).
    Removing cmsis_os.o(i.osMessageWaiting), (30 bytes).
    Removing cmsis_os.o(i.osMutexCreate), (6 bytes).
    Removing cmsis_os.o(i.osMutexDelete), (24 bytes).
    Removing cmsis_os.o(i.osMutexRelease), (80 bytes).
    Removing cmsis_os.o(i.osMutexWait), (104 bytes).
    Removing cmsis_os.o(i.osPoolAlloc), (106 bytes).
    Removing cmsis_os.o(i.osPoolCAlloc), (16 bytes).
    Removing cmsis_os.o(i.osPoolCreate), (94 bytes).
    Removing cmsis_os.o(i.osPoolFree), (48 bytes).
    Removing cmsis_os.o(i.osRecursiveMutexCreate), (4 bytes).
    Removing cmsis_os.o(i.osRecursiveMutexRelease), (4 bytes).
    Removing cmsis_os.o(i.osRecursiveMutexWait), (4 bytes).
    Removing cmsis_os.o(i.osSemaphoreCreate), (38 bytes).
    Removing cmsis_os.o(i.osSemaphoreDelete), (24 bytes).
    Removing cmsis_os.o(i.osSemaphoreGetCount), (4 bytes).
    Removing cmsis_os.o(i.osSemaphoreRelease), (80 bytes).
    Removing cmsis_os.o(i.osSemaphoreWait), (104 bytes).
    Removing cmsis_os.o(i.osSignalSet), (92 bytes).
    Removing cmsis_os.o(i.osSignalWait), (86 bytes).
    Removing cmsis_os.o(i.osSystickHandler), (20 bytes).
    Removing cmsis_os.o(i.osThreadGetId), (4 bytes).
    Removing cmsis_os.o(i.osThreadGetPriority), (32 bytes).
    Removing cmsis_os.o(i.osThreadList), (4 bytes).
    Removing cmsis_os.o(i.osThreadResume), (52 bytes).
    Removing cmsis_os.o(i.osThreadResumeAll), (18 bytes).
    Removing cmsis_os.o(i.osThreadSetPriority), (22 bytes).
    Removing cmsis_os.o(i.osThreadSuspend), (10 bytes).
    Removing cmsis_os.o(i.osThreadSuspendAll), (10 bytes).
    Removing cmsis_os.o(i.osThreadYield), (24 bytes).
    Removing cmsis_os.o(i.osTimerCreate), (4 bytes).
    Removing cmsis_os.o(i.osTimerDelete), (4 bytes).
    Removing cmsis_os.o(i.osTimerStart), (4 bytes).
    Removing cmsis_os.o(i.osTimerStop), (4 bytes).
    Removing heap_4.o(i.vPortInitialiseBlocks), (2 bytes).
    Removing heap_4.o(i.xPortGetFreeHeapSize), (12 bytes).
    Removing heap_4.o(i.xPortGetMinimumEverFreeHeapSize), (12 bytes).
    Removing port.o(i.vPortEndScheduler), (32 bytes).
    Removing port.o(i.vPortValidateInterruptPriority), (84 bytes).
    Removing fmul.o(.text), (100 bytes).
    Removing dadd.o(.text), (334 bytes).
    Removing dmul.o(.text), (228 bytes).
    Removing ddiv.o(.text), (222 bytes).
    Removing ffltui.o(.text), (10 bytes).
    Removing dfixui.o(.text), (50 bytes).
    Removing f2d.o(.text), (38 bytes).
    Removing fepilogue.o(.text), (110 bytes).
    Removing depilogue.o(.text), (186 bytes).

529 unused section(s) (total 32462 bytes) removed from the image.

==============================================================================

Image Symbol Table

    Local Symbols

    Symbol Name                              Value     Ov Type        Size  Object(Section)

    ../Drivers/STM32F1xx_HAL_Driver/Src/stm32f1xx_hal.c 0x00000000   Number         0  stm32f1xx_hal.o ABSOLUTE
    ../Drivers/STM32F1xx_HAL_Driver/Src/stm32f1xx_hal_adc.c 0x00000000   Number         0  stm32f1xx_hal_adc.o ABSOLUTE
    ../Drivers/STM32F1xx_HAL_Driver/Src/stm32f1xx_hal_adc_ex.c 0x00000000   Number         0  stm32f1xx_hal_adc_ex.o ABSOLUTE
    ../Drivers/STM32F1xx_HAL_Driver/Src/stm32f1xx_hal_cortex.c 0x00000000   Number         0  stm32f1xx_hal_cortex.o ABSOLUTE
    ../Drivers/STM32F1xx_HAL_Driver/Src/stm32f1xx_hal_dma.c 0x00000000   Number         0  stm32f1xx_hal_dma.o ABSOLUTE
    ../Drivers/STM32F1xx_HAL_Driver/Src/stm32f1xx_hal_flash.c 0x00000000   Number         0  stm32f1xx_hal_flash.o ABSOLUTE
    ../Drivers/STM32F1xx_HAL_Driver/Src/stm32f1xx_hal_flash_ex.c 0x00000000   Number         0  stm32f1xx_hal_flash_ex.o ABSOLUTE
    ../Drivers/STM32F1xx_HAL_Driver/Src/stm32f1xx_hal_gpio.c 0x00000000   Number         0  stm32f1xx_hal_gpio.o ABSOLUTE
    ../Drivers/STM32F1xx_HAL_Driver/Src/stm32f1xx_hal_gpio_ex.c 0x00000000   Number         0  stm32f1xx_hal_gpio_ex.o ABSOLUTE
    ../Drivers/STM32F1xx_HAL_Driver/Src/stm32f1xx_hal_pwr.c 0x00000000   Number         0  stm32f1xx_hal_pwr.o ABSOLUTE
    ../Drivers/STM32F1xx_HAL_Driver/Src/stm32f1xx_hal_rcc.c 0x00000000   Number         0  stm32f1xx_hal_rcc.o ABSOLUTE
    ../Drivers/STM32F1xx_HAL_Driver/Src/stm32f1xx_hal_rcc_ex.c 0x00000000   Number         0  stm32f1xx_hal_rcc_ex.o ABSOLUTE
    ../Drivers/STM32F1xx_HAL_Driver/Src/stm32f1xx_hal_tim.c 0x00000000   Number         0  stm32f1xx_hal_tim.o ABSOLUTE
    ../Drivers/STM32F1xx_HAL_Driver/Src/stm32f1xx_hal_tim_ex.c 0x00000000   Number         0  stm32f1xx_hal_tim_ex.o ABSOLUTE
    ../Drivers/STM32F1xx_HAL_Driver/Src/stm32f1xx_hal_uart.c 0x00000000   Number         0  stm32f1xx_hal_uart.o ABSOLUTE
    ../Middlewares/Third_Party/FreeRTOS/Source/CMSIS_RTOS/cmsis_os.c 0x00000000   Number         0  cmsis_os.o ABSOLUTE
    ../Middlewares/Third_Party/FreeRTOS/Source/croutine.c 0x00000000   Number         0  croutine.o ABSOLUTE
    ../Middlewares/Third_Party/FreeRTOS/Source/event_groups.c 0x00000000   Number         0  event_groups.o ABSOLUTE
    ../Middlewares/Third_Party/FreeRTOS/Source/list.c 0x00000000   Number         0  list.o ABSOLUTE
    ../Middlewares/Third_Party/FreeRTOS/Source/portable/MemMang/heap_4.c 0x00000000   Number         0  heap_4.o ABSOLUTE
    ../Middlewares/Third_Party/FreeRTOS/Source/portable/RVDS/ARM_CM3/port.c 0x00000000   Number         0  port.o ABSOLUTE
    ../Middlewares/Third_Party/FreeRTOS/Source/queue.c 0x00000000   Number         0  queue.o ABSOLUTE
    ../Middlewares/Third_Party/FreeRTOS/Source/tasks.c 0x00000000   Number         0  tasks.o ABSOLUTE
    ../Middlewares/Third_Party/FreeRTOS/Source/timers.c 0x00000000   Number         0  timers.o ABSOLUTE
    ../Src/freertos.c                        0x00000000   Number         0  freertos.o ABSOLUTE
    ../Src/main.c                            0x00000000   Number         0  main.o ABSOLUTE
    ../Src/stm32f1xx_hal_msp.c               0x00000000   Number         0  stm32f1xx_hal_msp.o ABSOLUTE
    ../Src/stm32f1xx_hal_timebase_tim.c      0x00000000   Number         0  stm32f1xx_hal_timebase_tim.o ABSOLUTE
    ../Src/stm32f1xx_it.c                    0x00000000   Number         0  stm32f1xx_it.o ABSOLUTE
    ../Src/system_stm32f1xx.c                0x00000000   Number         0  system_stm32f1xx.o ABSOLUTE
    ../clib/microlib/init/entry.s            0x00000000   Number         0  entry11b.o ABSOLUTE
    ../clib/microlib/init/entry.s            0x00000000   Number         0  entry8a.o ABSOLUTE
    ../clib/microlib/init/entry.s            0x00000000   Number         0  entry7b.o ABSOLUTE
    ../clib/microlib/init/entry.s            0x00000000   Number         0  entry7a.o ABSOLUTE
    ../clib/microlib/init/entry.s            0x00000000   Number         0  entry5.o ABSOLUTE
    ../clib/microlib/init/entry.s            0x00000000   Number         0  entry9a.o ABSOLUTE
    ../clib/microlib/init/entry.s            0x00000000   Number         0  entry9b.o ABSOLUTE
    ../clib/microlib/init/entry.s            0x00000000   Number         0  entry2.o ABSOLUTE
    ../clib/microlib/init/entry.s            0x00000000   Number         0  entry10a.o ABSOLUTE
    ../clib/microlib/init/entry.s            0x00000000   Number         0  entry.o ABSOLUTE
    ../clib/microlib/init/entry.s            0x00000000   Number         0  entry8b.o ABSOLUTE
    ../clib/microlib/init/entry.s            0x00000000   Number         0  entry10b.o ABSOLUTE
    ../clib/microlib/init/entry.s            0x00000000   Number         0  entry11a.o ABSOLUTE
    ../clib/microlib/longlong.c              0x00000000   Number         0  llshl.o ABSOLUTE
    ../clib/microlib/longlong.c              0x00000000   Number         0  llsshr.o ABSOLUTE
    ../clib/microlib/longlong.c              0x00000000   Number         0  llushr.o ABSOLUTE
    ../clib/microlib/string/memcpy.c         0x00000000   Number         0  memcpyb.o ABSOLUTE
    ../clib/microlib/string/memcpy.c         0x00000000   Number         0  memcpya.o ABSOLUTE
    ../clib/microlib/string/memset.c         0x00000000   Number         0  memseta.o ABSOLUTE
    ../clib/microlib/stubs.s                 0x00000000   Number         0  iusefp.o ABSOLUTE
    ../fplib/microlib/f2d.c                  0x00000000   Number         0  f2d.o ABSOLUTE
    ../fplib/microlib/fpadd.c                0x00000000   Number         0  dadd.o ABSOLUTE
    ../fplib/microlib/fpdiv.c                0x00000000   Number         0  ddiv.o ABSOLUTE
    ../fplib/microlib/fpepilogue.c           0x00000000   Number         0  depilogue.o ABSOLUTE
    ../fplib/microlib/fpepilogue.c           0x00000000   Number         0  fepilogue.o ABSOLUTE
    ../fplib/microlib/fpfix.c                0x00000000   Number         0  dfixui.o ABSOLUTE
    ../fplib/microlib/fpflt.c                0x00000000   Number         0  ffltui.o ABSOLUTE
    ../fplib/microlib/fpmul.c                0x00000000   Number         0  fmul.o ABSOLUTE
    ../fplib/microlib/fpmul.c                0x00000000   Number         0  dmul.o ABSOLUTE
    ..\Drivers\STM32F1xx_HAL_Driver\Src\stm32f1xx_hal.c 0x00000000   Number         0  stm32f1xx_hal.o ABSOLUTE
    ..\Drivers\STM32F1xx_HAL_Driver\Src\stm32f1xx_hal_adc.c 0x00000000   Number         0  stm32f1xx_hal_adc.o ABSOLUTE
    ..\Drivers\STM32F1xx_HAL_Driver\Src\stm32f1xx_hal_adc_ex.c 0x00000000   Number         0  stm32f1xx_hal_adc_ex.o ABSOLUTE
    ..\Drivers\STM32F1xx_HAL_Driver\Src\stm32f1xx_hal_cortex.c 0x00000000   Number         0  stm32f1xx_hal_cortex.o ABSOLUTE
    ..\Drivers\STM32F1xx_HAL_Driver\Src\stm32f1xx_hal_dma.c 0x00000000   Number         0  stm32f1xx_hal_dma.o ABSOLUTE
    ..\Drivers\STM32F1xx_HAL_Driver\Src\stm32f1xx_hal_flash.c 0x00000000   Number         0  stm32f1xx_hal_flash.o ABSOLUTE
    ..\Drivers\STM32F1xx_HAL_Driver\Src\stm32f1xx_hal_flash_ex.c 0x00000000   Number         0  stm32f1xx_hal_flash_ex.o ABSOLUTE
    ..\Drivers\STM32F1xx_HAL_Driver\Src\stm32f1xx_hal_gpio.c 0x00000000   Number         0  stm32f1xx_hal_gpio.o ABSOLUTE
    ..\Drivers\STM32F1xx_HAL_Driver\Src\stm32f1xx_hal_gpio_ex.c 0x00000000   Number         0  stm32f1xx_hal_gpio_ex.o ABSOLUTE
    ..\Drivers\STM32F1xx_HAL_Driver\Src\stm32f1xx_hal_pwr.c 0x00000000   Number         0  stm32f1xx_hal_pwr.o ABSOLUTE
    ..\Drivers\STM32F1xx_HAL_Driver\Src\stm32f1xx_hal_rcc.c 0x00000000   Number         0  stm32f1xx_hal_rcc.o ABSOLUTE
    ..\Drivers\STM32F1xx_HAL_Driver\Src\stm32f1xx_hal_rcc_ex.c 0x00000000   Number         0  stm32f1xx_hal_rcc_ex.o ABSOLUTE
    ..\Drivers\STM32F1xx_HAL_Driver\Src\stm32f1xx_hal_tim.c 0x00000000   Number         0  stm32f1xx_hal_tim.o ABSOLUTE
    ..\Drivers\STM32F1xx_HAL_Driver\Src\stm32f1xx_hal_tim_ex.c 0x00000000   Number         0  stm32f1xx_hal_tim_ex.o ABSOLUTE
    ..\Drivers\STM32F1xx_HAL_Driver\Src\stm32f1xx_hal_uart.c 0x00000000   Number         0  stm32f1xx_hal_uart.o ABSOLUTE
    ..\Middlewares\Third_Party\FreeRTOS\Source\CMSIS_RTOS\cmsis_os.c 0x00000000   Number         0  cmsis_os.o ABSOLUTE
    ..\Middlewares\Third_Party\FreeRTOS\Source\portable\RVDS\ARM_CM3\port.c 0x00000000   Number         0  port.o ABSOLUTE
    ..\Src\RingBuffer.c                      0x00000000   Number         0  ringbuffer.o ABSOLUTE
    ..\Src\USART.c                           0x00000000   Number         0  usart.o ABSOLUTE
    ..\Src\dgus.c                            0x00000000   Number         0  dgus.o ABSOLUTE
    ..\Src\freertos.c                        0x00000000   Number         0  freertos.o ABSOLUTE
    ..\Src\main.c                            0x00000000   Number         0  main.o ABSOLUTE
    ..\Src\senor.c                           0x00000000   Number         0  senor_1.o ABSOLUTE
    ..\Src\stm32f1xx_hal_msp.c               0x00000000   Number         0  stm32f1xx_hal_msp.o ABSOLUTE
    ..\Src\stm32f1xx_hal_timebase_tim.c      0x00000000   Number         0  stm32f1xx_hal_timebase_tim.o ABSOLUTE
    ..\Src\stm32f1xx_it.c                    0x00000000   Number         0  stm32f1xx_it.o ABSOLUTE
    ..\Src\system_stm32f1xx.c                0x00000000   Number         0  system_stm32f1xx.o ABSOLUTE
    ..\Src\temperature.c                     0x00000000   Number         0  temperature_1.o ABSOLUTE
    ..\\Src\\RingBuffer.c                    0x00000000   Number         0  ringbuffer.o ABSOLUTE
    ..\\Src\\USART.c                         0x00000000   Number         0  usart.o ABSOLUTE
    ..\\Src\\dgus.c                          0x00000000   Number         0  dgus.o ABSOLUTE
    ..\\Src\\senor.c                         0x00000000   Number         0  senor_1.o ABSOLUTE
    ..\\Src\\temperature.c                   0x00000000   Number         0  temperature_1.o ABSOLUTE
    dc.s                                     0x00000000   Number         0  dc.o ABSOLUTE
    handlers.s                               0x00000000   Number         0  handlers.o ABSOLUTE
    init.s                                   0x00000000   Number         0  init.o ABSOLUTE
    startup_stm32f103xb.s                    0x00000000   Number         0  startup_stm32f103xb.o ABSOLUTE
    RESET                                    0x08000000   Section      236  startup_stm32f103xb.o(RESET)
    .ARM.Collect$$$$00000000                 0x080000ec   Section        0  entry.o(.ARM.Collect$$$$00000000)
    .ARM.Collect$$$$00000001                 0x080000ec   Section        4  entry2.o(.ARM.Collect$$$$00000001)
    .ARM.Collect$$$$00000004                 0x080000f0   Section        4  entry5.o(.ARM.Collect$$$$00000004)
    .ARM.Collect$$$$00000008                 0x080000f4   Section        0  entry7b.o(.ARM.Collect$$$$00000008)
    .ARM.Collect$$$$0000000A                 0x080000f4   Section        0  entry8b.o(.ARM.Collect$$$$0000000A)
    .ARM.Collect$$$$0000000B                 0x080000f4   Section        8  entry9a.o(.ARM.Collect$$$$0000000B)
    .ARM.Collect$$$$0000000D                 0x080000fc   Section        0  entry10a.o(.ARM.Collect$$$$0000000D)
    .ARM.Collect$$$$0000000F                 0x080000fc   Section        0  entry11a.o(.ARM.Collect$$$$0000000F)
    .ARM.Collect$$$$00002712                 0x080000fc   Section        4  entry2.o(.ARM.Collect$$$$00002712)
    __lit__00000000                          0x080000fc   Data           4  entry2.o(.ARM.Collect$$$$00002712)
    .emb_text                                0x08000100   Section      150  port.o(.emb_text)
    .text                                    0x08000198   Section       36  startup_stm32f103xb.o(.text)
    .text                                    0x080001bc   Section        0  memcpya.o(.text)
    .text                                    0x080001e0   Section        0  memseta.o(.text)
    .text                                    0x08000204   Section       36  init.o(.text)
    i.ADC1_2_IRQHandler                      0x08000228   Section        0  stm32f1xx_it.o(i.ADC1_2_IRQHandler)
    i.ADC_ConversionStop_Disable             0x08000234   Section        0  stm32f1xx_hal_adc.o(i.ADC_ConversionStop_Disable)
    i.ADC_DMAConvCplt                        0x08000280   Section        0  stm32f1xx_hal_adc.o(i.ADC_DMAConvCplt)
    i.ADC_DMAError                           0x080002ce   Section        0  stm32f1xx_hal_adc.o(i.ADC_DMAError)
    i.ADC_DMAHalfConvCplt                    0x080002e8   Section        0  stm32f1xx_hal_adc.o(i.ADC_DMAHalfConvCplt)
    i.ADC_Enable                             0x080002f4   Section        0  stm32f1xx_hal_adc.o(i.ADC_Enable)
    i.BusFault_Handler                       0x08000364   Section        0  stm32f1xx_it.o(i.BusFault_Handler)
    i.DMA1_Channel1_IRQHandler               0x08000368   Section        0  stm32f1xx_it.o(i.DMA1_Channel1_IRQHandler)
    i.DMA_SetConfig                          0x08000374   Section        0  stm32f1xx_hal_dma.o(i.DMA_SetConfig)
    DMA_SetConfig                            0x08000375   Thumb Code    42  stm32f1xx_hal_dma.o(i.DMA_SetConfig)
    i.DebugMon_Handler                       0x0800039e   Section        0  stm32f1xx_it.o(i.DebugMon_Handler)
    i.Error_Handler                          0x080003a0   Section        0  main.o(i.Error_Handler)
    i.Get_USART_RX_Buffer_Data               0x080003a4   Section        0  usart.o(i.Get_USART_RX_Buffer_Data)
    i.Get_USART_RX_Buffer_Data_Num           0x080003c0   Section        0  usart.o(i.Get_USART_RX_Buffer_Data_Num)
    i.HAL_ADCEx_InjectedConfigChannel        0x080003cc   Section        0  stm32f1xx_hal_adc_ex.o(i.HAL_ADCEx_InjectedConfigChannel)
    i.HAL_ADCEx_InjectedConvCpltCallback     0x080005a8   Section        0  stm32f1xx_hal_adc_ex.o(i.HAL_ADCEx_InjectedConvCpltCallback)
    i.HAL_ADC_ConfigChannel                  0x080005ac   Section        0  stm32f1xx_hal_adc.o(i.HAL_ADC_ConfigChannel)
    i.HAL_ADC_ConvCpltCallback               0x080006a8   Section        0  senor_1.o(i.HAL_ADC_ConvCpltCallback)
    i.HAL_ADC_ConvHalfCpltCallback           0x08000718   Section        0  stm32f1xx_hal_adc.o(i.HAL_ADC_ConvHalfCpltCallback)
    i.HAL_ADC_ErrorCallback                  0x0800071a   Section        0  stm32f1xx_hal_adc.o(i.HAL_ADC_ErrorCallback)
    i.HAL_ADC_IRQHandler                     0x0800071c   Section        0  stm32f1xx_hal_adc.o(i.HAL_ADC_IRQHandler)
    i.HAL_ADC_Init                           0x08000804   Section        0  stm32f1xx_hal_adc.o(i.HAL_ADC_Init)
    i.HAL_ADC_LevelOutOfWindowCallback       0x08000920   Section        0  stm32f1xx_hal_adc.o(i.HAL_ADC_LevelOutOfWindowCallback)
    i.HAL_ADC_MspInit                        0x08000924   Section        0  stm32f1xx_hal_msp.o(i.HAL_ADC_MspInit)
    i.HAL_ADC_Start_DMA                      0x080009c4   Section        0  stm32f1xx_hal_adc.o(i.HAL_ADC_Start_DMA)
    i.HAL_DMA_Abort_IT                       0x08000ad0   Section        0  stm32f1xx_hal_dma.o(i.HAL_DMA_Abort_IT)
    i.HAL_DMA_IRQHandler                     0x08000b68   Section        0  stm32f1xx_hal_dma.o(i.HAL_DMA_IRQHandler)
    i.HAL_DMA_Init                           0x08000cbc   Section        0  stm32f1xx_hal_dma.o(i.HAL_DMA_Init)
    i.HAL_DMA_Start_IT                       0x08000d18   Section        0  stm32f1xx_hal_dma.o(i.HAL_DMA_Start_IT)
    i.HAL_GPIO_Init                          0x08000d88   Section        0  stm32f1xx_hal_gpio.o(i.HAL_GPIO_Init)
    i.HAL_GPIO_WritePin                      0x08000f44   Section        0  stm32f1xx_hal_gpio.o(i.HAL_GPIO_WritePin)
    i.HAL_GetTick                            0x08000f50   Section        0  stm32f1xx_hal.o(i.HAL_GetTick)
    i.HAL_IncTick                            0x08000f5c   Section        0  stm32f1xx_hal.o(i.HAL_IncTick)
    i.HAL_Init                               0x08000f6c   Section        0  stm32f1xx_hal.o(i.HAL_Init)
    i.HAL_InitTick                           0x08000f90   Section        0  stm32f1xx_hal_timebase_tim.o(i.HAL_InitTick)
    i.HAL_MspInit                            0x08001004   Section        0  stm32f1xx_hal_msp.o(i.HAL_MspInit)
    i.HAL_NVIC_EnableIRQ                     0x0800104c   Section        0  stm32f1xx_hal_cortex.o(i.HAL_NVIC_EnableIRQ)
    i.HAL_NVIC_SetPriority                   0x08001064   Section        0  stm32f1xx_hal_cortex.o(i.HAL_NVIC_SetPriority)
    i.HAL_NVIC_SetPriorityGrouping           0x080010a4   Section        0  stm32f1xx_hal_cortex.o(i.HAL_NVIC_SetPriorityGrouping)
    i.HAL_RCCEx_PeriphCLKConfig              0x080010c8   Section        0  stm32f1xx_hal_rcc_ex.o(i.HAL_RCCEx_PeriphCLKConfig)
    i.HAL_RCC_ClockConfig                    0x080011b4   Section        0  stm32f1xx_hal_rcc.o(i.HAL_RCC_ClockConfig)
    i.HAL_RCC_GetClockConfig                 0x08001320   Section        0  stm32f1xx_hal_rcc.o(i.HAL_RCC_GetClockConfig)
    i.HAL_RCC_GetPCLK1Freq                   0x08001360   Section        0  stm32f1xx_hal_rcc.o(i.HAL_RCC_GetPCLK1Freq)
    i.HAL_RCC_GetPCLK2Freq                   0x08001380   Section        0  stm32f1xx_hal_rcc.o(i.HAL_RCC_GetPCLK2Freq)
    i.HAL_RCC_GetSysClockFreq                0x080013a0   Section        0  stm32f1xx_hal_rcc.o(i.HAL_RCC_GetSysClockFreq)
    i.HAL_RCC_OscConfig                      0x0800140c   Section        0  stm32f1xx_hal_rcc.o(i.HAL_RCC_OscConfig)
    i.HAL_TIMEx_BreakCallback                0x08001710   Section        0  stm32f1xx_hal_tim_ex.o(i.HAL_TIMEx_BreakCallback)
    i.HAL_TIMEx_CommutationCallback          0x08001712   Section        0  stm32f1xx_hal_tim_ex.o(i.HAL_TIMEx_CommutationCallback)
    i.HAL_TIM_Base_Init                      0x08001714   Section        0  stm32f1xx_hal_tim.o(i.HAL_TIM_Base_Init)
    i.HAL_TIM_Base_MspInit                   0x0800174a   Section        0  stm32f1xx_hal_tim.o(i.HAL_TIM_Base_MspInit)
    i.HAL_TIM_Base_Start_IT                  0x0800174c   Section        0  stm32f1xx_hal_tim.o(i.HAL_TIM_Base_Start_IT)
    i.HAL_TIM_IC_CaptureCallback             0x08001764   Section        0  stm32f1xx_hal_tim.o(i.HAL_TIM_IC_CaptureCallback)
    i.HAL_TIM_IRQHandler                     0x08001766   Section        0  stm32f1xx_hal_tim.o(i.HAL_TIM_IRQHandler)
    i.HAL_TIM_OC_DelayElapsedCallback        0x080018cc   Section        0  stm32f1xx_hal_tim.o(i.HAL_TIM_OC_DelayElapsedCallback)
    i.HAL_TIM_PWM_PulseFinishedCallback      0x080018ce   Section        0  stm32f1xx_hal_tim.o(i.HAL_TIM_PWM_PulseFinishedCallback)
    i.HAL_TIM_PeriodElapsedCallback          0x080018d0   Section        0  main.o(i.HAL_TIM_PeriodElapsedCallback)
    i.HAL_TIM_TriggerCallback                0x080018e4   Section        0  stm32f1xx_hal_tim.o(i.HAL_TIM_TriggerCallback)
    i.HAL_UART_ErrorCallback                 0x080018e6   Section        0  stm32f1xx_hal_uart.o(i.HAL_UART_ErrorCallback)
    i.HAL_UART_IRQHandler                    0x080018e8   Section        0  stm32f1xx_hal_uart.o(i.HAL_UART_IRQHandler)
    i.HAL_UART_Init                          0x080019f8   Section        0  stm32f1xx_hal_uart.o(i.HAL_UART_Init)
    i.HAL_UART_MspInit                       0x08001a5c   Section        0  stm32f1xx_hal_msp.o(i.HAL_UART_MspInit)
    i.HAL_UART_Receive_IT                    0x08001adc   Section        0  stm32f1xx_hal_uart.o(i.HAL_UART_Receive_IT)
    i.HAL_UART_RxCpltCallback                0x08001b30   Section        0  usart.o(i.HAL_UART_RxCpltCallback)
    i.HAL_UART_Transmit_IT                   0x08001b60   Section        0  stm32f1xx_hal_uart.o(i.HAL_UART_Transmit_IT)
    i.HAL_UART_TxCpltCallback                0x08001ba0   Section        0  usart.o(i.HAL_UART_TxCpltCallback)
    i.HardFault_Handler                      0x08001bd4   Section        0  stm32f1xx_it.o(i.HardFault_Handler)
    i.MX_ADC1_Init                           0x08001bd8   Section        0  main.o(i.MX_ADC1_Init)
    MX_ADC1_Init                             0x08001bd9   Thumb Code   180  main.o(i.MX_ADC1_Init)
    i.MX_GPIO_Init                           0x08001c94   Section        0  main.o(i.MX_GPIO_Init)
    MX_GPIO_Init                             0x08001c95   Thumb Code   202  main.o(i.MX_GPIO_Init)
    i.MemManage_Handler                      0x08001d70   Section        0  stm32f1xx_it.o(i.MemManage_Handler)
    i.NMI_Handler                            0x08001d72   Section        0  stm32f1xx_it.o(i.NMI_Handler)
    i.NVIC_SetPriority                       0x08001d74   Section        0  stm32f1xx_hal_cortex.o(i.NVIC_SetPriority)
    NVIC_SetPriority                         0x08001d75   Thumb Code    32  stm32f1xx_hal_cortex.o(i.NVIC_SetPriority)
    i.StartDefaultTask                       0x08001d94   Section        0  main.o(i.StartDefaultTask)
    i.StartTask02                            0x08001d9c   Section        0  main.o(i.StartTask02)
    i.SysTick_Handler                        0x08001e24   Section        0  port.o(i.SysTick_Handler)
    i.SystemClock_Config                     0x08001e50   Section        0  main.o(i.SystemClock_Config)
    i.SystemInit                             0x08001eb0   Section        0  system_stm32f1xx.o(i.SystemInit)
    i.TIM1_UP_IRQHandler                     0x08001ef8   Section        0  stm32f1xx_it.o(i.TIM1_UP_IRQHandler)
    i.TIM_Base_SetConfig                     0x08001f04   Section        0  stm32f1xx_hal_tim.o(i.TIM_Base_SetConfig)
    i.UART_DMAAbortOnError                   0x08001f70   Section        0  stm32f1xx_hal_uart.o(i.UART_DMAAbortOnError)
    UART_DMAAbortOnError                     0x08001f71   Thumb Code    16  stm32f1xx_hal_uart.o(i.UART_DMAAbortOnError)
    i.UART_EndRxTransfer                     0x08001f80   Section        0  stm32f1xx_hal_uart.o(i.UART_EndRxTransfer)
    UART_EndRxTransfer                       0x08001f81   Thumb Code    28  stm32f1xx_hal_uart.o(i.UART_EndRxTransfer)
    i.UART_Receive_IT                        0x08001f9c   Section        0  stm32f1xx_hal_uart.o(i.UART_Receive_IT)
    UART_Receive_IT                          0x08001f9d   Thumb Code   150  stm32f1xx_hal_uart.o(i.UART_Receive_IT)
    i.UART_SetConfig                         0x08002034   Section        0  stm32f1xx_hal_uart.o(i.UART_SetConfig)
    UART_SetConfig                           0x08002035   Thumb Code   364  stm32f1xx_hal_uart.o(i.UART_SetConfig)
    i.UART_Transmit_IT                       0x080021a4   Section        0  stm32f1xx_hal_uart.o(i.UART_Transmit_IT)
    UART_Transmit_IT                         0x080021a5   Thumb Code    98  stm32f1xx_hal_uart.o(i.UART_Transmit_IT)
    i.USART1_IRQHandler                      0x08002208   Section        0  stm32f1xx_it.o(i.USART1_IRQHandler)
    i.USART_Initialization                   0x08002214   Section        0  usart.o(i.USART_Initialization)
    i.UsageFault_Handler                     0x08002260   Section        0  stm32f1xx_it.o(i.UsageFault_Handler)
    i.__scatterload_copy                     0x08002262   Section       14  handlers.o(i.__scatterload_copy)
    i.__scatterload_null                     0x08002270   Section        2  handlers.o(i.__scatterload_null)
    i.__scatterload_zeroinit                 0x08002272   Section       14  handlers.o(i.__scatterload_zeroinit)
    i.clear_ringBuffer                       0x08002280   Section        0  ringbuffer.o(i.clear_ringBuffer)
    i.create_ringBuffer                      0x08002290   Section        0  ringbuffer.o(i.create_ringBuffer)
    i.dgus_cmmand_match                      0x080022a0   Section        0  dgus.o(i.dgus_cmmand_match)
    dgus_cmmand_match                        0x080022a1   Thumb Code   132  dgus.o(i.dgus_cmmand_match)
    i.dgus_init                              0x0800232c   Section        0  dgus.o(i.dgus_init)
    i.dgus_poll                              0x08002330   Section        0  dgus.o(i.dgus_poll)
    i.dgus_poll_task                         0x08002394   Section        0  main.o(i.dgus_poll_task)
    i.get_ringBuffer_btoRead                 0x080023ac   Section        0  ringbuffer.o(i.get_ringBuffer_btoRead)
    i.main                                   0x080023b0   Section        0  main.o(i.main)
    i.makeFreeRtosPriority                   0x08002468   Section        0  cmsis_os.o(i.makeFreeRtosPriority)
    makeFreeRtosPriority                     0x08002469   Thumb Code    12  cmsis_os.o(i.makeFreeRtosPriority)
    i.osDelay                                0x08002474   Section        0  cmsis_os.o(i.osDelay)
    i.osKernelStart                          0x08002482   Section        0  cmsis_os.o(i.osKernelStart)
    i.osThreadCreate                         0x0800248c   Section        0  cmsis_os.o(i.osThreadCreate)
    i.osThreadTerminate                      0x080024ba   Section        0  cmsis_os.o(i.osThreadTerminate)
    i.prvAddCurrentTaskToDelayedList         0x080024c4   Section        0  tasks.o(i.prvAddCurrentTaskToDelayedList)
    prvAddCurrentTaskToDelayedList           0x080024c5   Thumb Code   102  tasks.o(i.prvAddCurrentTaskToDelayedList)
    i.prvAddNewTaskToReadyList               0x08002534   Section        0  tasks.o(i.prvAddNewTaskToReadyList)
    prvAddNewTaskToReadyList                 0x08002535   Thumb Code   194  tasks.o(i.prvAddNewTaskToReadyList)
    i.prvCheckTasksWaitingTermination        0x08002604   Section        0  tasks.o(i.prvCheckTasksWaitingTermination)
    prvCheckTasksWaitingTermination          0x08002605   Thumb Code    70  tasks.o(i.prvCheckTasksWaitingTermination)
    i.prvDeleteTCB                           0x08002654   Section        0  tasks.o(i.prvDeleteTCB)
    prvDeleteTCB                             0x08002655   Thumb Code    20  tasks.o(i.prvDeleteTCB)
    i.prvHeapInit                            0x08002668   Section        0  heap_4.o(i.prvHeapInit)
    prvHeapInit                              0x08002669   Thumb Code    66  heap_4.o(i.prvHeapInit)
    i.prvIdleTask                            0x080026b4   Section        0  tasks.o(i.prvIdleTask)
    prvIdleTask                              0x080026b5   Thumb Code    30  tasks.o(i.prvIdleTask)
    i.prvInitialiseNewTask                   0x080026dc   Section        0  tasks.o(i.prvInitialiseNewTask)
    prvInitialiseNewTask                     0x080026dd   Thumb Code   142  tasks.o(i.prvInitialiseNewTask)
    i.prvInsertBlockIntoFreeList             0x0800276c   Section        0  heap_4.o(i.prvInsertBlockIntoFreeList)
    prvInsertBlockIntoFreeList               0x0800276d   Thumb Code    72  heap_4.o(i.prvInsertBlockIntoFreeList)
    i.prvResetNextTaskUnblockTime            0x080027b8   Section        0  tasks.o(i.prvResetNextTaskUnblockTime)
    prvResetNextTaskUnblockTime              0x080027b9   Thumb Code    26  tasks.o(i.prvResetNextTaskUnblockTime)
    i.prvTaskExitError                       0x080027d8   Section        0  port.o(i.prvTaskExitError)
    prvTaskExitError                         0x080027d9   Thumb Code    36  port.o(i.prvTaskExitError)
    i.pvPortMalloc                           0x08002800   Section        0  heap_4.o(i.pvPortMalloc)
    i.pxPortInitialiseStack                  0x080028d8   Section        0  port.o(i.pxPortInitialiseStack)
    i.read_ringBuffer                        0x080028fc   Section        0  ringbuffer.o(i.read_ringBuffer)
    i.uxListRemove                           0x08002952   Section        0  list.o(i.uxListRemove)
    i.vListInitialise                        0x08002976   Section        0  list.o(i.vListInitialise)
    i.vListInitialiseItem                    0x0800298c   Section        0  list.o(i.vListInitialiseItem)
    i.vListInsert                            0x08002992   Section        0  list.o(i.vListInsert)
    i.vListInsertEnd                         0x080029c2   Section        0  list.o(i.vListInsertEnd)
    i.vPortEnterCritical                     0x080029dc   Section        0  port.o(i.vPortEnterCritical)
    i.vPortExitCritical                      0x08002a1c   Section        0  port.o(i.vPortExitCritical)
    i.vPortFree                              0x08002a44   Section        0  heap_4.o(i.vPortFree)
    i.vPortSetupTimerInterrupt               0x08002aa0   Section        0  port.o(i.vPortSetupTimerInterrupt)
    i.vTaskDelay                             0x08002ac0   Section        0  tasks.o(i.vTaskDelay)
    i.vTaskDelete                            0x08002b0c   Section        0  tasks.o(i.vTaskDelete)
    i.vTaskStartScheduler                    0x08002bb8   Section        0  tasks.o(i.vTaskStartScheduler)
    i.vTaskSuspendAll                        0x08002c20   Section        0  tasks.o(i.vTaskSuspendAll)
    i.vTaskSwitchContext                     0x08002c30   Section        0  tasks.o(i.vTaskSwitchContext)
    i.write_ringBuffer                       0x08002c8c   Section        0  ringbuffer.o(i.write_ringBuffer)
    i.xPortStartScheduler                    0x08002ce4   Section        0  port.o(i.xPortStartScheduler)
    i.xTaskCreate                            0x08002d58   Section        0  tasks.o(i.xTaskCreate)
    i.xTaskIncrementTick                     0x08002db0   Section        0  tasks.o(i.xTaskIncrementTick)
    i.xTaskResumeAll                         0x08002e78   Section        0  tasks.o(i.xTaskResumeAll)
    .constdata                               0x08002f3c   Section       60  main.o(.constdata)
    .constdata                               0x08002f78   Section       16  system_stm32f1xx.o(.constdata)
    .constdata                               0x08002f88   Section        8  system_stm32f1xx.o(.constdata)
    .conststring                             0x08002f90   Section       34  main.o(.conststring)
    .data                                    0x20000000   Section       24  usart.o(.data)
    TX_Flag                                  0x20000000   Data           1  usart.o(.data)
    RX_Data                                  0x20000001   Data           1  usart.o(.data)
    port                                     0x20000004   Data           4  usart.o(.data)
    USAR1_TX_RingBuff_Ctrl                   0x20000008   Data           8  usart.o(.data)
    USAR1_RX_RingBuff_Ctrl                   0x20000010   Data           8  usart.o(.data)
    .data                                    0x20000018   Section       12  senor_1.o(.data)
    adc_device                               0x20000018   Data           4  senor_1.o(.data)
    Senor_Adc                                0x2000001c   Data           8  senor_1.o(.data)
    .data                                    0x20000024   Section       12  main.o(.data)
    .data                                    0x20000030   Section       12  stm32f1xx_hal.o(.data)
    .data                                    0x2000003c   Section        4  system_stm32f1xx.o(.data)
    .data                                    0x20000040   Section       60  tasks.o(.data)
    uxDeletedTasksWaitingCleanUp             0x20000044   Data           4  tasks.o(.data)
    uxCurrentNumberOfTasks                   0x20000048   Data           4  tasks.o(.data)
    xTickCount                               0x2000004c   Data           4  tasks.o(.data)
    uxTopReadyPriority                       0x20000050   Data           4  tasks.o(.data)
    xSchedulerRunning                        0x20000054   Data           4  tasks.o(.data)
    uxPendedTicks                            0x20000058   Data           4  tasks.o(.data)
    xYieldPending                            0x2000005c   Data           4  tasks.o(.data)
    xNumOfOverflows                          0x20000060   Data           4  tasks.o(.data)
    uxTaskNumber                             0x20000064   Data           4  tasks.o(.data)
    xNextTaskUnblockTime                     0x20000068   Data           4  tasks.o(.data)
    xIdleTaskHandle                          0x2000006c   Data           4  tasks.o(.data)
    uxSchedulerSuspended                     0x20000070   Data           4  tasks.o(.data)
    pxDelayedTaskList                        0x20000074   Data           4  tasks.o(.data)
    pxOverflowDelayedTaskList                0x20000078   Data           4  tasks.o(.data)
    .data                                    0x2000007c   Section       24  heap_4.o(.data)
    pxEnd                                    0x2000007c   Data           4  heap_4.o(.data)
    xFreeBytesRemaining                      0x20000080   Data           4  heap_4.o(.data)
    xMinimumEverFreeBytesRemaining           0x20000084   Data           4  heap_4.o(.data)
    xBlockAllocatedBit                       0x20000088   Data           4  heap_4.o(.data)
    xStart                                   0x2000008c   Data           8  heap_4.o(.data)
    .data                                    0x20000094   Section       12  port.o(.data)
    ucMaxSysCallPriority                     0x20000094   Data           1  port.o(.data)
    uxCriticalNesting                        0x20000098   Data           4  port.o(.data)
    ulMaxPRIGROUPValue                       0x2000009c   Data           4  port.o(.data)
    .bss                                     0x200000a0   Section      305  usart.o(.bss)
    USAR1_TX_RingBuff                        0x200000a0   Data         255  usart.o(.bss)
    USAR1_RX_RingBuff                        0x2000019f   Data          50  usart.o(.bss)
    .bss                                     0x200001d4   Section      400  senor_1.o(.bss)
    ADC_Value                                0x200001d4   Data         400  senor_1.o(.bss)
    .bss                                     0x20000364   Section      112  main.o(.bss)
    .bss                                     0x200003d4   Section       68  main.o(.bss)
    .bss                                     0x20000418   Section       64  stm32f1xx_hal_timebase_tim.o(.bss)
    .bss                                     0x20000458   Section      240  tasks.o(.bss)
    pxReadyTasksLists                        0x20000458   Data         140  tasks.o(.bss)
    xDelayedTaskList1                        0x200004e4   Data          20  tasks.o(.bss)
    xDelayedTaskList2                        0x200004f8   Data          20  tasks.o(.bss)
    xPendingReadyList                        0x2000050c   Data          20  tasks.o(.bss)
    xTasksWaitingTermination                 0x20000520   Data          20  tasks.o(.bss)
    xSuspendedTaskList                       0x20000534   Data          20  tasks.o(.bss)
    .bss                                     0x20000548   Section     3072  heap_4.o(.bss)
    ucHeap                                   0x20000548   Data        3072  heap_4.o(.bss)
    STACK                                    0x20001148   Section     1024  startup_stm32f103xb.o(STACK)

    Global Symbols

    Symbol Name                              Value     Ov Type        Size  Object(Section)

    BuildAttributes$$THM_ISAv4$P$D$K$B$S$PE$A:L22UL41UL21$X:L11$S22US41US21$IEEE1$IW$USESV6$~STKCKD$USESV7$~SHL$OTIME$ROPI$EBA8$MICROLIB$REQ8$PRES8$EABIv2 0x00000000   Number         0  anon$$obj.o ABSOLUTE
    __ARM_use_no_argv                        0x00000000   Number         0  main.o ABSOLUTE
    __cpp_initialize__aeabi_                  - Undefined Weak Reference
    __cxa_finalize                            - Undefined Weak Reference
    __decompress                              - Undefined Weak Reference
    _clock_init                               - Undefined Weak Reference
    _microlib_exit                            - Undefined Weak Reference
    __Vectors_Size                           0x000000ec   Number         0  startup_stm32f103xb.o ABSOLUTE
    __Vectors                                0x08000000   Data           4  startup_stm32f103xb.o(RESET)
    __Vectors_End                            0x080000ec   Data           0  startup_stm32f103xb.o(RESET)
    __main                                   0x080000ed   Thumb Code     0  entry.o(.ARM.Collect$$$$00000000)
    _main_stk                                0x080000ed   Thumb Code     0  entry2.o(.ARM.Collect$$$$00000001)
    _main_scatterload                        0x080000f1   Thumb Code     0  entry5.o(.ARM.Collect$$$$00000004)
    __main_after_scatterload                 0x080000f5   Thumb Code     0  entry5.o(.ARM.Collect$$$$00000004)
    _main_clock                              0x080000f5   Thumb Code     0  entry7b.o(.ARM.Collect$$$$00000008)
    _main_cpp_init                           0x080000f5   Thumb Code     0  entry8b.o(.ARM.Collect$$$$0000000A)
    _main_init                               0x080000f5   Thumb Code     0  entry9a.o(.ARM.Collect$$$$0000000B)
    __rt_final_cpp                           0x080000fd   Thumb Code     0  entry10a.o(.ARM.Collect$$$$0000000D)
    __rt_final_exit                          0x080000fd   Thumb Code     0  entry11a.o(.ARM.Collect$$$$0000000F)
    SVC_Handler                              0x08000101   Thumb Code    32  port.o(.emb_text)
    __asm___6_port_c_39a90d8d__prvStartFirstTask 0x08000125   Thumb Code    28  port.o(.emb_text)
    PendSV_Handler                           0x08000145   Thumb Code    72  port.o(.emb_text)
    vPortGetIPSR                             0x08000191   Thumb Code     6  port.o(.emb_text)
    Reset_Handler                            0x08000199   Thumb Code     8  startup_stm32f103xb.o(.text)
    CAN1_RX1_IRQHandler                      0x080001b3   Thumb Code     0  startup_stm32f103xb.o(.text)
    CAN1_SCE_IRQHandler                      0x080001b3   Thumb Code     0  startup_stm32f103xb.o(.text)
    DMA1_Channel2_IRQHandler                 0x080001b3   Thumb Code     0  startup_stm32f103xb.o(.text)
    DMA1_Channel3_IRQHandler                 0x080001b3   Thumb Code     0  startup_stm32f103xb.o(.text)
    DMA1_Channel4_IRQHandler                 0x080001b3   Thumb Code     0  startup_stm32f103xb.o(.text)
    DMA1_Channel5_IRQHandler                 0x080001b3   Thumb Code     0  startup_stm32f103xb.o(.text)
    DMA1_Channel6_IRQHandler                 0x080001b3   Thumb Code     0  startup_stm32f103xb.o(.text)
    DMA1_Channel7_IRQHandler                 0x080001b3   Thumb Code     0  startup_stm32f103xb.o(.text)
    EXTI0_IRQHandler                         0x080001b3   Thumb Code     0  startup_stm32f103xb.o(.text)
    EXTI15_10_IRQHandler                     0x080001b3   Thumb Code     0  startup_stm32f103xb.o(.text)
    EXTI1_IRQHandler                         0x080001b3   Thumb Code     0  startup_stm32f103xb.o(.text)
    EXTI2_IRQHandler                         0x080001b3   Thumb Code     0  startup_stm32f103xb.o(.text)
    EXTI3_IRQHandler                         0x080001b3   Thumb Code     0  startup_stm32f103xb.o(.text)
    EXTI4_IRQHandler                         0x080001b3   Thumb Code     0  startup_stm32f103xb.o(.text)
    EXTI9_5_IRQHandler                       0x080001b3   Thumb Code     0  startup_stm32f103xb.o(.text)
    FLASH_IRQHandler                         0x080001b3   Thumb Code     0  startup_stm32f103xb.o(.text)
    I2C1_ER_IRQHandler                       0x080001b3   Thumb Code     0  startup_stm32f103xb.o(.text)
    I2C1_EV_IRQHandler                       0x080001b3   Thumb Code     0  startup_stm32f103xb.o(.text)
    I2C2_ER_IRQHandler                       0x080001b3   Thumb Code     0  startup_stm32f103xb.o(.text)
    I2C2_EV_IRQHandler                       0x080001b3   Thumb Code     0  startup_stm32f103xb.o(.text)
    PVD_IRQHandler                           0x080001b3   Thumb Code     0  startup_stm32f103xb.o(.text)
    RCC_IRQHandler                           0x080001b3   Thumb Code     0  startup_stm32f103xb.o(.text)
    RTC_Alarm_IRQHandler                     0x080001b3   Thumb Code     0  startup_stm32f103xb.o(.text)
    RTC_IRQHandler                           0x080001b3   Thumb Code     0  startup_stm32f103xb.o(.text)
    SPI1_IRQHandler                          0x080001b3   Thumb Code     0  startup_stm32f103xb.o(.text)
    SPI2_IRQHandler                          0x080001b3   Thumb Code     0  startup_stm32f103xb.o(.text)
    TAMPER_IRQHandler                        0x080001b3   Thumb Code     0  startup_stm32f103xb.o(.text)
    TIM1_BRK_IRQHandler                      0x080001b3   Thumb Code     0  startup_stm32f103xb.o(.text)
    TIM1_CC_IRQHandler                       0x080001b3   Thumb Code     0  startup_stm32f103xb.o(.text)
    TIM1_TRG_COM_IRQHandler                  0x080001b3   Thumb Code     0  startup_stm32f103xb.o(.text)
    TIM2_IRQHandler                          0x080001b3   Thumb Code     0  startup_stm32f103xb.o(.text)
    TIM3_IRQHandler                          0x080001b3   Thumb Code     0  startup_stm32f103xb.o(.text)
    TIM4_IRQHandler                          0x080001b3   Thumb Code     0  startup_stm32f103xb.o(.text)
    USART2_IRQHandler                        0x080001b3   Thumb Code     0  startup_stm32f103xb.o(.text)
    USART3_IRQHandler                        0x080001b3   Thumb Code     0  startup_stm32f103xb.o(.text)
    USBWakeUp_IRQHandler                     0x080001b3   Thumb Code     0  startup_stm32f103xb.o(.text)
    USB_HP_CAN1_TX_IRQHandler                0x080001b3   Thumb Code     0  startup_stm32f103xb.o(.text)
    USB_LP_CAN1_RX0_IRQHandler               0x080001b3   Thumb Code     0  startup_stm32f103xb.o(.text)
    WWDG_IRQHandler                          0x080001b3   Thumb Code     0  startup_stm32f103xb.o(.text)
    __aeabi_memcpy                           0x080001bd   Thumb Code    36  memcpya.o(.text)
    __aeabi_memcpy4                          0x080001bd   Thumb Code     0  memcpya.o(.text)
    __aeabi_memcpy8                          0x080001bd   Thumb Code     0  memcpya.o(.text)
    __aeabi_memset                           0x080001e1   Thumb Code    14  memseta.o(.text)
    __aeabi_memset4                          0x080001e1   Thumb Code     0  memseta.o(.text)
    __aeabi_memset8                          0x080001e1   Thumb Code     0  memseta.o(.text)
    __aeabi_memclr                           0x080001ef   Thumb Code     4  memseta.o(.text)
    __aeabi_memclr4                          0x080001ef   Thumb Code     0  memseta.o(.text)
    __aeabi_memclr8                          0x080001ef   Thumb Code     0  memseta.o(.text)
    _memset$wrapper                          0x080001f3   Thumb Code    18  memseta.o(.text)
    __scatterload                            0x08000205   Thumb Code    28  init.o(.text)
    __scatterload_rt2                        0x08000205   Thumb Code     0  init.o(.text)
    ADC1_2_IRQHandler                        0x08000229   Thumb Code     6  stm32f1xx_it.o(i.ADC1_2_IRQHandler)
    ADC_ConversionStop_Disable               0x08000235   Thumb Code    76  stm32f1xx_hal_adc.o(i.ADC_ConversionStop_Disable)
    ADC_DMAConvCplt                          0x08000281   Thumb Code    78  stm32f1xx_hal_adc.o(i.ADC_DMAConvCplt)
    ADC_DMAError                             0x080002cf   Thumb Code    26  stm32f1xx_hal_adc.o(i.ADC_DMAError)
    ADC_DMAHalfConvCplt                      0x080002e9   Thumb Code    10  stm32f1xx_hal_adc.o(i.ADC_DMAHalfConvCplt)
    ADC_Enable                               0x080002f5   Thumb Code   104  stm32f1xx_hal_adc.o(i.ADC_Enable)
    BusFault_Handler                         0x08000365   Thumb Code     2  stm32f1xx_it.o(i.BusFault_Handler)
    DMA1_Channel1_IRQHandler                 0x08000369   Thumb Code     6  stm32f1xx_it.o(i.DMA1_Channel1_IRQHandler)
    DebugMon_Handler                         0x0800039f   Thumb Code     2  stm32f1xx_it.o(i.DebugMon_Handler)
    Error_Handler                            0x080003a1   Thumb Code     2  main.o(i.Error_Handler)
    Get_USART_RX_Buffer_Data                 0x080003a5   Thumb Code    24  usart.o(i.Get_USART_RX_Buffer_Data)
    Get_USART_RX_Buffer_Data_Num             0x080003c1   Thumb Code     6  usart.o(i.Get_USART_RX_Buffer_Data_Num)
    HAL_ADCEx_InjectedConfigChannel          0x080003cd   Thumb Code   462  stm32f1xx_hal_adc_ex.o(i.HAL_ADCEx_InjectedConfigChannel)
    HAL_ADCEx_InjectedConvCpltCallback       0x080005a9   Thumb Code     2  stm32f1xx_hal_adc_ex.o(i.HAL_ADCEx_InjectedConvCpltCallback)
    HAL_ADC_ConfigChannel                    0x080005ad   Thumb Code   240  stm32f1xx_hal_adc.o(i.HAL_ADC_ConfigChannel)
    HAL_ADC_ConvCpltCallback                 0x080006a9   Thumb Code   102  senor_1.o(i.HAL_ADC_ConvCpltCallback)
    HAL_ADC_ConvHalfCpltCallback             0x08000719   Thumb Code     2  stm32f1xx_hal_adc.o(i.HAL_ADC_ConvHalfCpltCallback)
    HAL_ADC_ErrorCallback                    0x0800071b   Thumb Code     2  stm32f1xx_hal_adc.o(i.HAL_ADC_ErrorCallback)
    HAL_ADC_IRQHandler                       0x0800071d   Thumb Code   230  stm32f1xx_hal_adc.o(i.HAL_ADC_IRQHandler)
    HAL_ADC_Init                             0x08000805   Thumb Code   272  stm32f1xx_hal_adc.o(i.HAL_ADC_Init)
    HAL_ADC_LevelOutOfWindowCallback         0x08000921   Thumb Code     2  stm32f1xx_hal_adc.o(i.HAL_ADC_LevelOutOfWindowCallback)
    HAL_ADC_MspInit                          0x08000925   Thumb Code   138  stm32f1xx_hal_msp.o(i.HAL_ADC_MspInit)
    HAL_ADC_Start_DMA                        0x080009c5   Thumb Code   246  stm32f1xx_hal_adc.o(i.HAL_ADC_Start_DMA)
    HAL_DMA_Abort_IT                         0x08000ad1   Thumb Code   148  stm32f1xx_hal_dma.o(i.HAL_DMA_Abort_IT)
    HAL_DMA_IRQHandler                       0x08000b69   Thumb Code   316  stm32f1xx_hal_dma.o(i.HAL_DMA_IRQHandler)
    HAL_DMA_Init                             0x08000cbd   Thumb Code    84  stm32f1xx_hal_dma.o(i.HAL_DMA_Init)
    HAL_DMA_Start_IT                         0x08000d19   Thumb Code   112  stm32f1xx_hal_dma.o(i.HAL_DMA_Start_IT)
    HAL_GPIO_Init                            0x08000d89   Thumb Code   408  stm32f1xx_hal_gpio.o(i.HAL_GPIO_Init)
    HAL_GPIO_WritePin                        0x08000f45   Thumb Code    10  stm32f1xx_hal_gpio.o(i.HAL_GPIO_WritePin)
    HAL_GetTick                              0x08000f51   Thumb Code     6  stm32f1xx_hal.o(i.HAL_GetTick)
    HAL_IncTick                              0x08000f5d   Thumb Code    12  stm32f1xx_hal.o(i.HAL_IncTick)
    HAL_Init                                 0x08000f6d   Thumb Code    32  stm32f1xx_hal.o(i.HAL_Init)
    HAL_InitTick                             0x08000f91   Thumb Code    98  stm32f1xx_hal_timebase_tim.o(i.HAL_InitTick)
    HAL_MspInit                              0x08001005   Thumb Code    62  stm32f1xx_hal_msp.o(i.HAL_MspInit)
    HAL_NVIC_EnableIRQ                       0x0800104d   Thumb Code    22  stm32f1xx_hal_cortex.o(i.HAL_NVIC_EnableIRQ)
    HAL_NVIC_SetPriority                     0x08001065   Thumb Code    60  stm32f1xx_hal_cortex.o(i.HAL_NVIC_SetPriority)
    HAL_NVIC_SetPriorityGrouping             0x080010a5   Thumb Code    26  stm32f1xx_hal_cortex.o(i.HAL_NVIC_SetPriorityGrouping)
    HAL_RCCEx_PeriphCLKConfig                0x080010c9   Thumb Code   224  stm32f1xx_hal_rcc_ex.o(i.HAL_RCCEx_PeriphCLKConfig)
    HAL_RCC_ClockConfig                      0x080011b5   Thumb Code   346  stm32f1xx_hal_rcc.o(i.HAL_RCC_ClockConfig)
    HAL_RCC_GetClockConfig                   0x08001321   Thumb Code    54  stm32f1xx_hal_rcc.o(i.HAL_RCC_GetClockConfig)
    HAL_RCC_GetPCLK1Freq                     0x08001361   Thumb Code    20  stm32f1xx_hal_rcc.o(i.HAL_RCC_GetPCLK1Freq)
    HAL_RCC_GetPCLK2Freq                     0x08001381   Thumb Code    20  stm32f1xx_hal_rcc.o(i.HAL_RCC_GetPCLK2Freq)
    HAL_RCC_GetSysClockFreq                  0x080013a1   Thumb Code    74  stm32f1xx_hal_rcc.o(i.HAL_RCC_GetSysClockFreq)
    HAL_RCC_OscConfig                        0x0800140d   Thumb Code   750  stm32f1xx_hal_rcc.o(i.HAL_RCC_OscConfig)
    HAL_TIMEx_BreakCallback                  0x08001711   Thumb Code     2  stm32f1xx_hal_tim_ex.o(i.HAL_TIMEx_BreakCallback)
    HAL_TIMEx_CommutationCallback            0x08001713   Thumb Code     2  stm32f1xx_hal_tim_ex.o(i.HAL_TIMEx_CommutationCallback)
    HAL_TIM_Base_Init                        0x08001715   Thumb Code    54  stm32f1xx_hal_tim.o(i.HAL_TIM_Base_Init)
    HAL_TIM_Base_MspInit                     0x0800174b   Thumb Code     2  stm32f1xx_hal_tim.o(i.HAL_TIM_Base_MspInit)
    HAL_TIM_Base_Start_IT                    0x0800174d   Thumb Code    24  stm32f1xx_hal_tim.o(i.HAL_TIM_Base_Start_IT)
    HAL_TIM_IC_CaptureCallback               0x08001765   Thumb Code     2  stm32f1xx_hal_tim.o(i.HAL_TIM_IC_CaptureCallback)
    HAL_TIM_IRQHandler                       0x08001767   Thumb Code   358  stm32f1xx_hal_tim.o(i.HAL_TIM_IRQHandler)
    HAL_TIM_OC_DelayElapsedCallback          0x080018cd   Thumb Code     2  stm32f1xx_hal_tim.o(i.HAL_TIM_OC_DelayElapsedCallback)
    HAL_TIM_PWM_PulseFinishedCallback        0x080018cf   Thumb Code     2  stm32f1xx_hal_tim.o(i.HAL_TIM_PWM_PulseFinishedCallback)
    HAL_TIM_PeriodElapsedCallback            0x080018d1   Thumb Code    14  main.o(i.HAL_TIM_PeriodElapsedCallback)
    HAL_TIM_TriggerCallback                  0x080018e5   Thumb Code     2  stm32f1xx_hal_tim.o(i.HAL_TIM_TriggerCallback)
    HAL_UART_ErrorCallback                   0x080018e7   Thumb Code     2  stm32f1xx_hal_uart.o(i.HAL_UART_ErrorCallback)
    HAL_UART_IRQHandler                      0x080018e9   Thumb Code   266  stm32f1xx_hal_uart.o(i.HAL_UART_IRQHandler)
    HAL_UART_Init                            0x080019f9   Thumb Code    98  stm32f1xx_hal_uart.o(i.HAL_UART_Init)
    HAL_UART_MspInit                         0x08001a5d   Thumb Code   116  stm32f1xx_hal_msp.o(i.HAL_UART_MspInit)
    HAL_UART_Receive_IT                      0x08001add   Thumb Code    82  stm32f1xx_hal_uart.o(i.HAL_UART_Receive_IT)
    HAL_UART_RxCpltCallback                  0x08001b31   Thumb Code    42  usart.o(i.HAL_UART_RxCpltCallback)
    HAL_UART_Transmit_IT                     0x08001b61   Thumb Code    62  stm32f1xx_hal_uart.o(i.HAL_UART_Transmit_IT)
    HAL_UART_TxCpltCallback                  0x08001ba1   Thumb Code    46  usart.o(i.HAL_UART_TxCpltCallback)
    HardFault_Handler                        0x08001bd5   Thumb Code     2  stm32f1xx_it.o(i.HardFault_Handler)
    MemManage_Handler                        0x08001d71   Thumb Code     2  stm32f1xx_it.o(i.MemManage_Handler)
    NMI_Handler                              0x08001d73   Thumb Code     2  stm32f1xx_it.o(i.NMI_Handler)
    StartDefaultTask                         0x08001d95   Thumb Code     8  main.o(i.StartDefaultTask)
    StartTask02                              0x08001d9d   Thumb Code   128  main.o(i.StartTask02)
    SysTick_Handler                          0x08001e25   Thumb Code    38  port.o(i.SysTick_Handler)
    SystemClock_Config                       0x08001e51   Thumb Code    96  main.o(i.SystemClock_Config)
    SystemInit                               0x08001eb1   Thumb Code    56  system_stm32f1xx.o(i.SystemInit)
    TIM1_UP_IRQHandler                       0x08001ef9   Thumb Code     6  stm32f1xx_it.o(i.TIM1_UP_IRQHandler)
    TIM_Base_SetConfig                       0x08001f05   Thumb Code    94  stm32f1xx_hal_tim.o(i.TIM_Base_SetConfig)
    USART1_IRQHandler                        0x08002209   Thumb Code     6  stm32f1xx_it.o(i.USART1_IRQHandler)
    USART_Initialization                     0x08002215   Thumb Code    66  usart.o(i.USART_Initialization)
    UsageFault_Handler                       0x08002261   Thumb Code     2  stm32f1xx_it.o(i.UsageFault_Handler)
    __scatterload_copy                       0x08002263   Thumb Code    14  handlers.o(i.__scatterload_copy)
    __scatterload_null                       0x08002271   Thumb Code     2  handlers.o(i.__scatterload_null)
    __scatterload_zeroinit                   0x08002273   Thumb Code    14  handlers.o(i.__scatterload_zeroinit)
    clear_ringBuffer                         0x08002281   Thumb Code    16  ringbuffer.o(i.clear_ringBuffer)
    create_ringBuffer                        0x08002291   Thumb Code    14  ringbuffer.o(i.create_ringBuffer)
    dgus_init                                0x0800232d   Thumb Code     4  dgus.o(i.dgus_init)
    dgus_poll                                0x08002331   Thumb Code   100  dgus.o(i.dgus_poll)
    dgus_poll_task                           0x08002395   Thumb Code    20  main.o(i.dgus_poll_task)
    get_ringBuffer_btoRead                   0x080023ad   Thumb Code     4  ringbuffer.o(i.get_ringBuffer_btoRead)
    main                                     0x080023b1   Thumb Code   162  main.o(i.main)
    osDelay                                  0x08002475   Thumb Code    14  cmsis_os.o(i.osDelay)
    osKernelStart                            0x08002483   Thumb Code    10  cmsis_os.o(i.osKernelStart)
    osThreadCreate                           0x0800248d   Thumb Code    46  cmsis_os.o(i.osThreadCreate)
    osThreadTerminate                        0x080024bb   Thumb Code    10  cmsis_os.o(i.osThreadTerminate)
    pvPortMalloc                             0x08002801   Thumb Code   210  heap_4.o(i.pvPortMalloc)
    pxPortInitialiseStack                    0x080028d9   Thumb Code    32  port.o(i.pxPortInitialiseStack)
    read_ringBuffer                          0x080028fd   Thumb Code    86  ringbuffer.o(i.read_ringBuffer)
    uxListRemove                             0x08002953   Thumb Code    36  list.o(i.uxListRemove)
    vListInitialise                          0x08002977   Thumb Code    22  list.o(i.vListInitialise)
    vListInitialiseItem                      0x0800298d   Thumb Code     6  list.o(i.vListInitialiseItem)
    vListInsert                              0x08002993   Thumb Code    48  list.o(i.vListInsert)
    vListInsertEnd                           0x080029c3   Thumb Code    24  list.o(i.vListInsertEnd)
    vPortEnterCritical                       0x080029dd   Thumb Code    54  port.o(i.vPortEnterCritical)
    vPortExitCritical                        0x08002a1d   Thumb Code    34  port.o(i.vPortExitCritical)
    vPortFree                                0x08002a45   Thumb Code    88  heap_4.o(i.vPortFree)
    vPortSetupTimerInterrupt                 0x08002aa1   Thumb Code    26  port.o(i.vPortSetupTimerInterrupt)
    vTaskDelay                               0x08002ac1   Thumb Code    66  tasks.o(i.vTaskDelay)
    vTaskDelete                              0x08002b0d   Thumb Code   158  tasks.o(i.vTaskDelete)
    vTaskStartScheduler                      0x08002bb9   Thumb Code    86  tasks.o(i.vTaskStartScheduler)
    vTaskSuspendAll                          0x08002c21   Thumb Code    10  tasks.o(i.vTaskSuspendAll)
    vTaskSwitchContext                       0x08002c31   Thumb Code    82  tasks.o(i.vTaskSwitchContext)
    write_ringBuffer                         0x08002c8d   Thumb Code    86  ringbuffer.o(i.write_ringBuffer)
    xPortStartScheduler                      0x08002ce5   Thumb Code   102  port.o(i.xPortStartScheduler)
    xTaskCreate                              0x08002d59   Thumb Code    86  tasks.o(i.xTaskCreate)
    xTaskIncrementTick                       0x08002db1   Thumb Code   192  tasks.o(i.xTaskIncrementTick)
    xTaskResumeAll                           0x08002e79   Thumb Code   182  tasks.o(i.xTaskResumeAll)
    AHBPrescTable                            0x08002f78   Data          16  system_stm32f1xx.o(.constdata)
    APBPrescTable                            0x08002f88   Data           8  system_stm32f1xx.o(.constdata)
    Region$$Table$$Base                      0x08002fb4   Number         0  anon$$obj.o(Region$$Table)
    Region$$Table$$Limit                     0x08002fd4   Number         0  anon$$obj.o(Region$$Table)
    defaultTaskHandle                        0x20000024   Data           4  main.o(.data)
    myTask02Handle                           0x20000028   Data           4  main.o(.data)
    dgus_pollHandle                          0x2000002c   Data           4  main.o(.data)
    uwTickFreq                               0x20000030   Data           1  stm32f1xx_hal.o(.data)
    uwTickPrio                               0x20000034   Data           4  stm32f1xx_hal.o(.data)
    uwTick                                   0x20000038   Data           4  stm32f1xx_hal.o(.data)
    SystemCoreClock                          0x2000003c   Data           4  system_stm32f1xx.o(.data)
    pxCurrentTCB                             0x20000040   Data           4  tasks.o(.data)
    hadc1                                    0x20000364   Data          48  main.o(.bss)
    huart1                                   0x20000394   Data          64  main.o(.bss)
    hdma_adc1                                0x200003d4   Data          68  main.o(.bss)
    htim1                                    0x20000418   Data          64  stm32f1xx_hal_timebase_tim.o(.bss)
    __initial_sp                             0x20001548   Data           0  startup_stm32f103xb.o(STACK)



==============================================================================

Memory Map of the image

  Image Entry point : 0x080000ed

  Load Region LR_IROM1 (Base: 0x08000000, Size: 0x00003074, Max: 0x00010000, ABSOLUTE)

    Execution Region ER_IROM1 (Exec base: 0x08000000, Load base: 0x08000000, Size: 0x00002fd4, Max: 0x00010000, ABSOLUTE)

    Exec Addr    Load Addr    Size         Type   Attr      Idx    E Section Name        Object

    0x08000000   0x08000000   0x000000ec   Data   RO            3    RESET               startup_stm32f103xb.o
    0x080000ec   0x080000ec   0x00000000   Code   RO         4186  * .ARM.Collect$$$$00000000  mc_w.l(entry.o)
    0x080000ec   0x080000ec   0x00000004   Code   RO         4211    .ARM.Collect$$$$00000001  mc_w.l(entry2.o)
    0x080000f0   0x080000f0   0x00000004   Code   RO         4214    .ARM.Collect$$$$00000004  mc_w.l(entry5.o)
    0x080000f4   0x080000f4   0x00000000   Code   RO         4216    .ARM.Collect$$$$00000008  mc_w.l(entry7b.o)
    0x080000f4   0x080000f4   0x00000000   Code   RO         4218    .ARM.Collect$$$$0000000A  mc_w.l(entry8b.o)
    0x080000f4   0x080000f4   0x00000008   Code   RO         4219    .ARM.Collect$$$$0000000B  mc_w.l(entry9a.o)
    0x080000fc   0x080000fc   0x00000000   Code   RO         4221    .ARM.Collect$$$$0000000D  mc_w.l(entry10a.o)
    0x080000fc   0x080000fc   0x00000000   Code   RO         4223    .ARM.Collect$$$$0000000F  mc_w.l(entry11a.o)
    0x080000fc   0x080000fc   0x00000004   Code   RO         4212    .ARM.Collect$$$$00002712  mc_w.l(entry2.o)
    0x08000100   0x08000100   0x00000096   Code   RO         4109    .emb_text           port.o
    0x08000196   0x08000196   0x00000002   PAD
    0x08000198   0x08000198   0x00000024   Code   RO            4    .text               startup_stm32f103xb.o
    0x080001bc   0x080001bc   0x00000024   Code   RO         4191    .text               mc_w.l(memcpya.o)
    0x080001e0   0x080001e0   0x00000024   Code   RO         4193    .text               mc_w.l(memseta.o)
    0x08000204   0x08000204   0x00000024   Code   RO         4234    .text               mc_w.l(init.o)
    0x08000228   0x08000228   0x0000000c   Code   RO          513    i.ADC1_2_IRQHandler  stm32f1xx_it.o
    0x08000234   0x08000234   0x0000004c   Code   RO          719    i.ADC_ConversionStop_Disable  stm32f1xx_hal_adc.o
    0x08000280   0x08000280   0x0000004e   Code   RO          720    i.ADC_DMAConvCplt   stm32f1xx_hal_adc.o
    0x080002ce   0x080002ce   0x0000001a   Code   RO          721    i.ADC_DMAError      stm32f1xx_hal_adc.o
    0x080002e8   0x080002e8   0x0000000a   Code   RO          722    i.ADC_DMAHalfConvCplt  stm32f1xx_hal_adc.o
    0x080002f2   0x080002f2   0x00000002   PAD
    0x080002f4   0x080002f4   0x00000070   Code   RO          723    i.ADC_Enable        stm32f1xx_hal_adc.o
    0x08000364   0x08000364   0x00000002   Code   RO          514    i.BusFault_Handler  stm32f1xx_it.o
    0x08000366   0x08000366   0x00000002   PAD
    0x08000368   0x08000368   0x0000000c   Code   RO          515    i.DMA1_Channel1_IRQHandler  stm32f1xx_it.o
    0x08000374   0x08000374   0x0000002a   Code   RO         2551    i.DMA_SetConfig     stm32f1xx_hal_dma.o
    0x0800039e   0x0800039e   0x00000002   Code   RO          516    i.DebugMon_Handler  stm32f1xx_it.o
    0x080003a0   0x080003a0   0x00000002   Code   RO          348    i.Error_Handler     main.o
    0x080003a2   0x080003a2   0x00000002   PAD
    0x080003a4   0x080003a4   0x0000001c   Code   RO          202    i.Get_USART_RX_Buffer_Data  usart.o
    0x080003c0   0x080003c0   0x0000000c   Code   RO          203    i.Get_USART_RX_Buffer_Data_Num  usart.o
    0x080003cc   0x080003cc   0x000001dc   Code   RO          900    i.HAL_ADCEx_InjectedConfigChannel  stm32f1xx_hal_adc_ex.o
    0x080005a8   0x080005a8   0x00000002   Code   RO          901    i.HAL_ADCEx_InjectedConvCpltCallback  stm32f1xx_hal_adc_ex.o
    0x080005aa   0x080005aa   0x00000002   PAD
    0x080005ac   0x080005ac   0x000000fc   Code   RO          725    i.HAL_ADC_ConfigChannel  stm32f1xx_hal_adc.o
    0x080006a8   0x080006a8   0x00000070   Code   RO          259    i.HAL_ADC_ConvCpltCallback  senor_1.o
    0x08000718   0x08000718   0x00000002   Code   RO          727    i.HAL_ADC_ConvHalfCpltCallback  stm32f1xx_hal_adc.o
    0x0800071a   0x0800071a   0x00000002   Code   RO          729    i.HAL_ADC_ErrorCallback  stm32f1xx_hal_adc.o
    0x0800071c   0x0800071c   0x000000e6   Code   RO          733    i.HAL_ADC_IRQHandler  stm32f1xx_hal_adc.o
    0x08000802   0x08000802   0x00000002   PAD
    0x08000804   0x08000804   0x0000011c   Code   RO          734    i.HAL_ADC_Init      stm32f1xx_hal_adc.o
    0x08000920   0x08000920   0x00000002   Code   RO          735    i.HAL_ADC_LevelOutOfWindowCallback  stm32f1xx_hal_adc.o
    0x08000922   0x08000922   0x00000002   PAD
    0x08000924   0x08000924   0x000000a0   Code   RO          596    i.HAL_ADC_MspInit   stm32f1xx_hal_msp.o
    0x080009c4   0x080009c4   0x0000010c   Code   RO          741    i.HAL_ADC_Start_DMA  stm32f1xx_hal_adc.o
    0x08000ad0   0x08000ad0   0x00000098   Code   RO         2553    i.HAL_DMA_Abort_IT  stm32f1xx_hal_dma.o
    0x08000b68   0x08000b68   0x00000154   Code   RO         2557    i.HAL_DMA_IRQHandler  stm32f1xx_hal_dma.o
    0x08000cbc   0x08000cbc   0x0000005c   Code   RO         2558    i.HAL_DMA_Init      stm32f1xx_hal_dma.o
    0x08000d18   0x08000d18   0x00000070   Code   RO         2562    i.HAL_DMA_Start_IT  stm32f1xx_hal_dma.o
    0x08000d88   0x08000d88   0x000001bc   Code   RO         2488    i.HAL_GPIO_Init     stm32f1xx_hal_gpio.o
    0x08000f44   0x08000f44   0x0000000a   Code   RO         2492    i.HAL_GPIO_WritePin  stm32f1xx_hal_gpio.o
    0x08000f4e   0x08000f4e   0x00000002   PAD
    0x08000f50   0x08000f50   0x0000000c   Code   RO         2196    i.HAL_GetTick       stm32f1xx_hal.o
    0x08000f5c   0x08000f5c   0x00000010   Code   RO         2200    i.HAL_IncTick       stm32f1xx_hal.o
    0x08000f6c   0x08000f6c   0x00000024   Code   RO         2201    i.HAL_Init          stm32f1xx_hal.o
    0x08000f90   0x08000f90   0x00000074   Code   RO          644    i.HAL_InitTick      stm32f1xx_hal_timebase_tim.o
    0x08001004   0x08001004   0x00000048   Code   RO          597    i.HAL_MspInit       stm32f1xx_hal_msp.o
    0x0800104c   0x0800104c   0x00000016   Code   RO         2648    i.HAL_NVIC_EnableIRQ  stm32f1xx_hal_cortex.o
    0x08001062   0x08001062   0x00000002   PAD
    0x08001064   0x08001064   0x00000040   Code   RO         2654    i.HAL_NVIC_SetPriority  stm32f1xx_hal_cortex.o
    0x080010a4   0x080010a4   0x00000024   Code   RO         2655    i.HAL_NVIC_SetPriorityGrouping  stm32f1xx_hal_cortex.o
    0x080010c8   0x080010c8   0x000000ec   Code   RO         2451    i.HAL_RCCEx_PeriphCLKConfig  stm32f1xx_hal_rcc_ex.o
    0x080011b4   0x080011b4   0x0000016c   Code   RO         2348    i.HAL_RCC_ClockConfig  stm32f1xx_hal_rcc.o
    0x08001320   0x08001320   0x00000040   Code   RO         2352    i.HAL_RCC_GetClockConfig  stm32f1xx_hal_rcc.o
    0x08001360   0x08001360   0x00000020   Code   RO         2355    i.HAL_RCC_GetPCLK1Freq  stm32f1xx_hal_rcc.o
    0x08001380   0x08001380   0x00000020   Code   RO         2356    i.HAL_RCC_GetPCLK2Freq  stm32f1xx_hal_rcc.o
    0x080013a0   0x080013a0   0x0000006c   Code   RO         2357    i.HAL_RCC_GetSysClockFreq  stm32f1xx_hal_rcc.o
    0x0800140c   0x0800140c   0x00000304   Code   RO         2360    i.HAL_RCC_OscConfig  stm32f1xx_hal_rcc.o
    0x08001710   0x08001710   0x00000002   Code   RO         1626    i.HAL_TIMEx_BreakCallback  stm32f1xx_hal_tim_ex.o
    0x08001712   0x08001712   0x00000002   Code   RO         1627    i.HAL_TIMEx_CommutationCallback  stm32f1xx_hal_tim_ex.o
    0x08001714   0x08001714   0x00000036   Code   RO          997    i.HAL_TIM_Base_Init  stm32f1xx_hal_tim.o
    0x0800174a   0x0800174a   0x00000002   Code   RO          999    i.HAL_TIM_Base_MspInit  stm32f1xx_hal_tim.o
    0x0800174c   0x0800174c   0x00000018   Code   RO         1002    i.HAL_TIM_Base_Start_IT  stm32f1xx_hal_tim.o
    0x08001764   0x08001764   0x00000002   Code   RO         1026    i.HAL_TIM_IC_CaptureCallback  stm32f1xx_hal_tim.o
    0x08001766   0x08001766   0x00000166   Code   RO         1039    i.HAL_TIM_IRQHandler  stm32f1xx_hal_tim.o
    0x080018cc   0x080018cc   0x00000002   Code   RO         1042    i.HAL_TIM_OC_DelayElapsedCallback  stm32f1xx_hal_tim.o
    0x080018ce   0x080018ce   0x00000002   Code   RO         1069    i.HAL_TIM_PWM_PulseFinishedCallback  stm32f1xx_hal_tim.o
    0x080018d0   0x080018d0   0x00000014   Code   RO          349    i.HAL_TIM_PeriodElapsedCallback  main.o
    0x080018e4   0x080018e4   0x00000002   Code   RO         1080    i.HAL_TIM_TriggerCallback  stm32f1xx_hal_tim.o
    0x080018e6   0x080018e6   0x00000002   Code   RO         1880    i.HAL_UART_ErrorCallback  stm32f1xx_hal_uart.o
    0x080018e8   0x080018e8   0x00000110   Code   RO         1883    i.HAL_UART_IRQHandler  stm32f1xx_hal_uart.o
    0x080019f8   0x080019f8   0x00000062   Code   RO         1884    i.HAL_UART_Init     stm32f1xx_hal_uart.o
    0x08001a5a   0x08001a5a   0x00000002   PAD
    0x08001a5c   0x08001a5c   0x00000080   Code   RO          599    i.HAL_UART_MspInit  stm32f1xx_hal_msp.o
    0x08001adc   0x08001adc   0x00000052   Code   RO         1889    i.HAL_UART_Receive_IT  stm32f1xx_hal_uart.o
    0x08001b2e   0x08001b2e   0x00000002   PAD
    0x08001b30   0x08001b30   0x00000030   Code   RO          204    i.HAL_UART_RxCpltCallback  usart.o
    0x08001b60   0x08001b60   0x0000003e   Code   RO         1894    i.HAL_UART_Transmit_IT  stm32f1xx_hal_uart.o
    0x08001b9e   0x08001b9e   0x00000002   PAD
    0x08001ba0   0x08001ba0   0x00000034   Code   RO          205    i.HAL_UART_TxCpltCallback  usart.o
    0x08001bd4   0x08001bd4   0x00000002   Code   RO          517    i.HardFault_Handler  stm32f1xx_it.o
    0x08001bd6   0x08001bd6   0x00000002   PAD
    0x08001bd8   0x08001bd8   0x000000bc   Code   RO          350    i.MX_ADC1_Init      main.o
    0x08001c94   0x08001c94   0x000000dc   Code   RO          351    i.MX_GPIO_Init      main.o
    0x08001d70   0x08001d70   0x00000002   Code   RO          518    i.MemManage_Handler  stm32f1xx_it.o
    0x08001d72   0x08001d72   0x00000002   Code   RO          519    i.NMI_Handler       stm32f1xx_it.o
    0x08001d74   0x08001d74   0x00000020   Code   RO         2661    i.NVIC_SetPriority  stm32f1xx_hal_cortex.o
    0x08001d94   0x08001d94   0x00000008   Code   RO          352    i.StartDefaultTask  main.o
    0x08001d9c   0x08001d9c   0x00000088   Code   RO          353    i.StartTask02       main.o
    0x08001e24   0x08001e24   0x0000002c   Code   RO         4110    i.SysTick_Handler   port.o
    0x08001e50   0x08001e50   0x00000060   Code   RO          354    i.SystemClock_Config  main.o
    0x08001eb0   0x08001eb0   0x00000048   Code   RO         3077    i.SystemInit        system_stm32f1xx.o
    0x08001ef8   0x08001ef8   0x0000000c   Code   RO          520    i.TIM1_UP_IRQHandler  stm32f1xx_it.o
    0x08001f04   0x08001f04   0x0000006c   Code   RO         1081    i.TIM_Base_SetConfig  stm32f1xx_hal_tim.o
    0x08001f70   0x08001f70   0x00000010   Code   RO         1897    i.UART_DMAAbortOnError  stm32f1xx_hal_uart.o
    0x08001f80   0x08001f80   0x0000001c   Code   RO         1907    i.UART_EndRxTransfer  stm32f1xx_hal_uart.o
    0x08001f9c   0x08001f9c   0x00000096   Code   RO         1909    i.UART_Receive_IT   stm32f1xx_hal_uart.o
    0x08002032   0x08002032   0x00000002   PAD
    0x08002034   0x08002034   0x00000170   Code   RO         1910    i.UART_SetConfig    stm32f1xx_hal_uart.o
    0x080021a4   0x080021a4   0x00000062   Code   RO         1911    i.UART_Transmit_IT  stm32f1xx_hal_uart.o
    0x08002206   0x08002206   0x00000002   PAD
    0x08002208   0x08002208   0x0000000c   Code   RO          521    i.USART1_IRQHandler  stm32f1xx_it.o
    0x08002214   0x08002214   0x0000004c   Code   RO          207    i.USART_Initialization  usart.o
    0x08002260   0x08002260   0x00000002   Code   RO          522    i.UsageFault_Handler  stm32f1xx_it.o
    0x08002262   0x08002262   0x0000000e   Code   RO         4238    i.__scatterload_copy  mc_w.l(handlers.o)
    0x08002270   0x08002270   0x00000002   Code   RO         4239    i.__scatterload_null  mc_w.l(handlers.o)
    0x08002272   0x08002272   0x0000000e   Code   RO         4240    i.__scatterload_zeroinit  mc_w.l(handlers.o)
    0x08002280   0x08002280   0x00000010   Code   RO          154    i.clear_ringBuffer  ringbuffer.o
    0x08002290   0x08002290   0x0000000e   Code   RO          155    i.create_ringBuffer  ringbuffer.o
    0x0800229e   0x0800229e   0x00000002   PAD
    0x080022a0   0x080022a0   0x0000008c   Code   RO           13    i.dgus_cmmand_match  dgus.o
    0x0800232c   0x0800232c   0x00000004   Code   RO           14    i.dgus_init         dgus.o
    0x08002330   0x08002330   0x00000064   Code   RO           15    i.dgus_poll         dgus.o
    0x08002394   0x08002394   0x00000018   Code   RO          355    i.dgus_poll_task    main.o
    0x080023ac   0x080023ac   0x00000004   Code   RO          156    i.get_ringBuffer_btoRead  ringbuffer.o
    0x080023b0   0x080023b0   0x000000b8   Code   RO          356    i.main              main.o
    0x08002468   0x08002468   0x0000000c   Code   RO         3675    i.makeFreeRtosPriority  cmsis_os.o
    0x08002474   0x08002474   0x0000000e   Code   RO         3677    i.osDelay           cmsis_os.o
    0x08002482   0x08002482   0x0000000a   Code   RO         3680    i.osKernelStart     cmsis_os.o
    0x0800248c   0x0800248c   0x0000002e   Code   RO         3714    i.osThreadCreate    cmsis_os.o
    0x080024ba   0x080024ba   0x0000000a   Code   RO         3723    i.osThreadTerminate  cmsis_os.o
    0x080024c4   0x080024c4   0x00000070   Code   RO         3386    i.prvAddCurrentTaskToDelayedList  tasks.o
    0x08002534   0x08002534   0x000000d0   Code   RO         3387    i.prvAddNewTaskToReadyList  tasks.o
    0x08002604   0x08002604   0x00000050   Code   RO         3388    i.prvCheckTasksWaitingTermination  tasks.o
    0x08002654   0x08002654   0x00000014   Code   RO         3389    i.prvDeleteTCB      tasks.o
    0x08002668   0x08002668   0x0000004c   Code   RO         4048    i.prvHeapInit       heap_4.o
    0x080026b4   0x080026b4   0x00000028   Code   RO         3390    i.prvIdleTask       tasks.o
    0x080026dc   0x080026dc   0x0000008e   Code   RO         3391    i.prvInitialiseNewTask  tasks.o
    0x0800276a   0x0800276a   0x00000002   PAD
    0x0800276c   0x0800276c   0x0000004c   Code   RO         4049    i.prvInsertBlockIntoFreeList  heap_4.o
    0x080027b8   0x080027b8   0x00000020   Code   RO         3392    i.prvResetNextTaskUnblockTime  tasks.o
    0x080027d8   0x080027d8   0x00000028   Code   RO         4111    i.prvTaskExitError  port.o
    0x08002800   0x08002800   0x000000d8   Code   RO         4050    i.pvPortMalloc      heap_4.o
    0x080028d8   0x080028d8   0x00000024   Code   RO         4112    i.pxPortInitialiseStack  port.o
    0x080028fc   0x080028fc   0x00000056   Code   RO          157    i.read_ringBuffer   ringbuffer.o
    0x08002952   0x08002952   0x00000024   Code   RO         3209    i.uxListRemove      list.o
    0x08002976   0x08002976   0x00000016   Code   RO         3210    i.vListInitialise   list.o
    0x0800298c   0x0800298c   0x00000006   Code   RO         3211    i.vListInitialiseItem  list.o
    0x08002992   0x08002992   0x00000030   Code   RO         3212    i.vListInsert       list.o
    0x080029c2   0x080029c2   0x00000018   Code   RO         3213    i.vListInsertEnd    list.o
    0x080029da   0x080029da   0x00000002   PAD
    0x080029dc   0x080029dc   0x00000040   Code   RO         4114    i.vPortEnterCritical  port.o
    0x08002a1c   0x08002a1c   0x00000028   Code   RO         4115    i.vPortExitCritical  port.o
    0x08002a44   0x08002a44   0x0000005c   Code   RO         4051    i.vPortFree         heap_4.o
    0x08002aa0   0x08002aa0   0x00000020   Code   RO         4116    i.vPortSetupTimerInterrupt  port.o
    0x08002ac0   0x08002ac0   0x0000004c   Code   RO         3400    i.vTaskDelay        tasks.o
    0x08002b0c   0x08002b0c   0x000000ac   Code   RO         3401    i.vTaskDelete       tasks.o
    0x08002bb8   0x08002bb8   0x00000068   Code   RO         3411    i.vTaskStartScheduler  tasks.o
    0x08002c20   0x08002c20   0x00000010   Code   RO         3413    i.vTaskSuspendAll   tasks.o
    0x08002c30   0x08002c30   0x0000005c   Code   RO         3414    i.vTaskSwitchContext  tasks.o
    0x08002c8c   0x08002c8c   0x00000056   Code   RO          158    i.write_ringBuffer  ringbuffer.o
    0x08002ce2   0x08002ce2   0x00000002   PAD
    0x08002ce4   0x08002ce4   0x00000074   Code   RO         4118    i.xPortStartScheduler  port.o
    0x08002d58   0x08002d58   0x00000056   Code   RO         3416    i.xTaskCreate       tasks.o
    0x08002dae   0x08002dae   0x00000002   PAD
    0x08002db0   0x08002db0   0x000000c8   Code   RO         3423    i.xTaskIncrementTick  tasks.o
    0x08002e78   0x08002e78   0x000000c4   Code   RO         3429    i.xTaskResumeAll    tasks.o
    0x08002f3c   0x08002f3c   0x0000003c   Data   RO          359    .constdata          main.o
    0x08002f78   0x08002f78   0x00000010   Data   RO         3078    .constdata          system_stm32f1xx.o
    0x08002f88   0x08002f88   0x00000008   Data   RO         3079    .constdata          system_stm32f1xx.o
    0x08002f90   0x08002f90   0x00000022   Data   RO          360    .conststring        main.o
    0x08002fb2   0x08002fb2   0x00000002   PAD
    0x08002fb4   0x08002fb4   0x00000020   Data   RO         4236    Region$$Table       anon$$obj.o


    Execution Region RW_IRAM1 (Exec base: 0x20000000, Load base: 0x08002fd4, Size: 0x00001548, Max: 0x00005000, ABSOLUTE)

    Exec Addr    Load Addr    Size         Type   Attr      Idx    E Section Name        Object

    0x20000000   0x08002fd4   0x00000018   Data   RW          209    .data               usart.o
    0x20000018   0x08002fec   0x0000000c   Data   RW          266    .data               senor_1.o
    0x20000024   0x08002ff8   0x0000000c   Data   RW          361    .data               main.o
    0x20000030   0x08003004   0x0000000c   Data   RW         2208    .data               stm32f1xx_hal.o
    0x2000003c   0x08003010   0x00000004   Data   RW         3080    .data               system_stm32f1xx.o
    0x20000040   0x08003014   0x0000003c   Data   RW         3432    .data               tasks.o
    0x2000007c   0x08003050   0x00000018   Data   RW         4056    .data               heap_4.o
    0x20000094   0x08003068   0x0000000c   Data   RW         4119    .data               port.o
    0x200000a0        -       0x00000131   Zero   RW          208    .bss                usart.o
    0x200001d1   0x08003074   0x00000003   PAD
    0x200001d4        -       0x00000190   Zero   RW          265    .bss                senor_1.o
    0x20000364        -       0x00000070   Zero   RW          357    .bss                main.o
    0x200003d4        -       0x00000044   Zero   RW          358    .bss                main.o
    0x20000418        -       0x00000040   Zero   RW          647    .bss                stm32f1xx_hal_timebase_tim.o
    0x20000458        -       0x000000f0   Zero   RW         3431    .bss                tasks.o
    0x20000548        -       0x00000c00   Zero   RW         4055    .bss                heap_4.o
    0x20001148        -       0x00000400   Zero   RW            1    STACK               startup_stm32f103xb.o


==============================================================================

Image component sizes


      Code (inc. data)   RO Data    RW Data    ZI Data      Debug   Object Name

        92          0          0          0          0      13165   cmsis_os.o
       244          8          0          0          0     453684   dgus.o
         0          0          0          0          0       9548   event_groups.o
       460         24          0         24       3072       7199   heap_4.o
       136          0          0          0          0       3350   list.o
       878         66         94         12        180      26243   main.o
       522         62          0         12          0      10116   port.o
       206          0          0          0          0       3381   ringbuffer.o
       112         10          0         12        400       1247   senor_1.o
        36          8        236          0       1024        796   startup_stm32f103xb.o
        64         14          0         12          0       4594   stm32f1xx_hal.o
      1342         54          0          0          0       9179   stm32f1xx_hal_adc.o
       478         14          0          0          0       2243   stm32f1xx_hal_adc_ex.o
       154         14          0          0          0      24966   stm32f1xx_hal_cortex.o
       738         36          0          0          0       4278   stm32f1xx_hal_dma.o
       454         36          0          0          0       2860   stm32f1xx_hal_gpio.o
       360         44          0          0          0       2287   stm32f1xx_hal_msp.o
      1372        108          0          0          0       5797   stm32f1xx_hal_rcc.o
       236         12          0          0          0       1376   stm32f1xx_hal_rcc_ex.o
       554         14          0          0          0       6650   stm32f1xx_hal_tim.o
         4          0          0          0          0       1538   stm32f1xx_hal_tim_ex.o
       116         18          0          0         64       1375   stm32f1xx_hal_timebase_tim.o
      1176         10          0          0          0       7452   stm32f1xx_hal_uart.o
        60         24          0          0          0       4181   stm32f1xx_it.o
        72         16         24          4          0       1139   system_stm32f1xx.o
      1576        130          0         60        240      15704   tasks.o
       216         32          0         24        305       3141   usart.o

    ----------------------------------------------------------------------
     11698        754        388        160       5288     627489   Object Totals
         0          0         32          0          0          0   (incl. Generated)
        40          0          2          0          3          0   (incl. Padding)

    ----------------------------------------------------------------------

      Code (inc. data)   RO Data    RW Data    ZI Data      Debug   Library Member Name

         0          0          0          0          0          0   entry.o
         0          0          0          0          0          0   entry10a.o
         0          0          0          0          0          0   entry11a.o
         8          4          0          0          0          0   entry2.o
         4          0          0          0          0          0   entry5.o
         0          0          0          0          0          0   entry7b.o
         0          0          0          0          0          0   entry8b.o
         8          4          0          0          0          0   entry9a.o
        30          0          0          0          0          0   handlers.o
        36          8          0          0          0         68   init.o
        36          0          0          0          0         68   memcpya.o
        36          0          0          0          0        108   memseta.o

    ----------------------------------------------------------------------
       158         16          0          0          0        244   Library Totals
         0          0          0          0          0          0   (incl. Padding)

    ----------------------------------------------------------------------

      Code (inc. data)   RO Data    RW Data    ZI Data      Debug   Library Name

       158         16          0          0          0        244   mc_w.l

    ----------------------------------------------------------------------
       158         16          0          0          0        244   Library Totals

    ----------------------------------------------------------------------

==============================================================================


      Code (inc. data)   RO Data    RW Data    ZI Data      Debug   

     11856        770        388        160       5288     621281   Grand Totals
     11856        770        388        160       5288     621281   ELF Image Totals
     11856        770        388        160          0          0   ROM Totals

==============================================================================

    Total RO  Size (Code + RO Data)                12244 (  11.96kB)
    Total RW  Size (RW Data + ZI Data)              5448 (   5.32kB)
    Total ROM Size (Code + RO Data + RW Data)      12404 (  12.11kB)

==============================================================================

